15:59:32.632 已应用拍照模式: 自动
15:59:32.637 工具启动，自动连接串口...
15:59:32.639 网口监听已重启
15:59:32.640 串口 COM2@460800 已打开
15:59:32.650 [2D] 监听 10000
15:59:32.651 [3D] 监听 10001
15:59:52.268 已应用拍照模式: 自动
15:59:52.276 工具启动，自动连接串口...
15:59:52.277 网口监听已重启
15:59:52.277 串口打开失败（请检查 COM2 是否被占用）: could not open port 'COM2': PermissionError(13, '拒绝访问。', None, 5)
15:59:52.287 [3D] 监听 10001
15:59:52.287 [2D] 监听 10000
16:00:37.501 已应用拍照模式: 自动
16:00:37.509 工具启动，自动连接串口...
16:00:37.511 网口监听已重启
16:00:37.513 串口 COM2@460800 已打开
16:00:37.521 [2D] 监听 10000
16:00:37.521 [3D] 监听 10001
16:02:27.584 [串口 RX] PING
16:02:27.585 [串口 TX] PING:123us
16:02:27.800 [串口 RX] PING
16:02:27.801 [串口 TX] PING:123us
16:02:28.001 [串口 RX] GET_STATE
16:02:28.007 [串口 TX] STATE:IO=0x0000000000000001;POS:X10000,Y20000,Z30000,H40000;STATUS:X0,Y0,Z0,H0
16:02:28.216 [串口 RX] YELLOWLED_ON
16:02:28.217 [IO] bit22 置位 → IO=0x0000000000400001
16:02:28.218 [串口 TX] YELLOWLED_ON_OK
16:02:28.434 [串口 RX] GET_STATE
16:02:28.436 [串口 TX] STATE:IO=0x0000000000400001;POS:X10000,Y20000,Z30000,H40000;STATUS:X0,Y0,Z0,H0
16:02:28.636 [串口 RX] GET_STATE
16:02:28.640 [串口 TX] STATE:IO=0x0000000000400001;POS:X10000,Y20000,Z30000,H40000;STATUS:X0,Y0,Z0,H0
16:02:28.852 [串口 RX] GET_STATE
16:02:28.855 [串口 TX] STATE:IO=0x0000000000400001;POS:X10000,Y20000,Z30000,H40000;STATUS:X0,Y0,Z0,H0
16:02:29.069 [串口 RX] GET_STATE
16:02:29.073 [串口 TX] STATE:IO=0x0000000000400001;POS:X10000,Y20000,Z30000,H40000;STATUS:X0,Y0,Z0,H0
16:02:29.285 [串口 RX] GET_STATE
16:02:29.287 [串口 TX] STATE:IO=0x0000000000400001;POS:X10000,Y20000,Z30000,H40000;STATUS:X0,Y0,Z0,H0
16:02:29.489 [串口 RX] GET_STATE
16:02:29.494 [串口 TX] STATE:IO=0x0000000000400001;POS:X10000,Y20000,Z30000,H40000;STATUS:X0,Y0,Z0,H0
16:02:29.708 [串口 RX] GET_STATE
16:02:29.712 [串口 TX] STATE:IO=0x0000000000400001;POS:X10000,Y20000,Z30000,H40000;STATUS:X0,Y0,Z0,H0
16:02:29.925 [串口 RX] GET_STATE
16:02:29.957 [串口 TX] STATE:IO=0x0000000000400001;POS:X10000,Y20000,Z30000,H40000;STATUS:X0,Y0,Z0,H0
16:02:30.172 [串口 RX] GET_STATE
16:02:30.174 [串口 TX] STATE:IO=0x0000000000400001;POS:X10000,Y20000,Z30000,H40000;STATUS:X0,Y0,Z0,H0
16:02:30.375 [串口 RX] GET_STATE
16:02:30.400 [串口 TX] STATE:IO=0x0000000000400001;POS:X10000,Y20000,Z30000,H40000;STATUS:X0,Y0,Z0,H0
16:02:30.608 [串口 RX] GET_STATE
16:02:30.611 [串口 TX] STATE:IO=0x0000000000400001;POS:X10000,Y20000,Z30000,H40000;STATUS:X0,Y0,Z0,H0
16:02:30.827 [串口 RX] GET_STATE
16:02:30.830 [串口 TX] STATE:IO=0x0000000000400001;POS:X10000,Y20000,Z30000,H40000;STATUS:X0,Y0,Z0,H0
16:02:31.044 [串口 RX] GET_STATE
16:02:31.055 [串口 TX] STATE:IO=0x0000000000400001;POS:X10000,Y20000,Z30000,H40000;STATUS:X0,Y0,Z0,H0
16:02:31.225 [2D] 上位机已连接
16:02:31.238 [3D] 上位机已连接
16:02:31.262 [串口 RX] GET_STATE
16:02:31.265 [串口 TX] STATE:IO=0x0000000000400001;POS:X10000,Y20000,Z30000,H40000;STATUS:X0,Y0,Z0,H0
16:02:31.466 [串口 RX] GET_STATE
16:02:31.469 [串口 TX] STATE:IO=0x0000000000400001;POS:X10000,Y20000,Z30000,H40000;STATUS:X0,Y0,Z0,H0
16:02:31.685 [串口 RX] GET_STATE
16:02:31.709 [串口 TX] STATE:IO=0x0000000000400001;POS:X10000,Y20000,Z30000,H40000;STATUS:X0,Y0,Z0,H0
16:02:31.919 [串口 RX] GET_STATE
16:02:31.966 [串口 TX] STATE:IO=0x0000000000400001;POS:X10000,Y20000,Z30000,H40000;STATUS:X0,Y0,Z0,H0
16:02:32.170 [串口 RX] GET_STATE
16:02:32.173 [串口 TX] STATE:IO=0x0000000000400001;POS:X10000,Y20000,Z30000,H40000;STATUS:X0,Y0,Z0,H0
16:02:32.387 [串口 RX] GET_STATE
16:02:32.390 [串口 TX] STATE:IO=0x0000000000400001;POS:X10000,Y20000,Z30000,H40000;STATUS:X0,Y0,Z0,H0
16:02:32.605 [串口 RX] GET_STATE
16:02:32.608 [串口 TX] STATE:IO=0x0000000000400001;POS:X10000,Y20000,Z30000,H40000;STATUS:X0,Y0,Z0,H0
16:02:32.809 [串口 RX] GET_STATE
16:02:32.812 [串口 TX] STATE:IO=0x0000000000400001;POS:X10000,Y20000,Z30000,H40000;STATUS:X0,Y0,Z0,H0
16:02:33.027 [串口 RX] GET_STATE
16:02:33.039 [串口 TX] STATE:IO=0x0000000000400001;POS:X10000,Y20000,Z30000,H40000;STATUS:X0,Y0,Z0,H0
16:02:33.246 [串口 RX] GET_STATE
16:02:33.249 [串口 TX] STATE:IO=0x0000000000400001;POS:X10000,Y20000,Z30000,H40000;STATUS:X0,Y0,Z0,H0
16:02:33.464 [串口 RX] GET_STATE
16:02:33.467 [串口 TX] STATE:IO=0x0000000000400001;POS:X10000,Y20000,Z30000,H40000;STATUS:X0,Y0,Z0,H0
16:02:33.679 [串口 RX] GET_STATE
16:02:33.681 [串口 TX] STATE:IO=0x0000000000400001;POS:X10000,Y20000,Z30000,H40000;STATUS:X0,Y0,Z0,H0
16:02:33.897 [串口 RX] GET_STATE
16:02:33.917 [串口 TX] STATE:IO=0x0000000000400001;POS:X10000,Y20000,Z30000,H40000;STATUS:X0,Y0,Z0,H0
16:02:34.131 [串口 RX] GET_STATE
16:02:34.165 [串口 TX] STATE:IO=0x0000000000400001;POS:X10000,Y20000,Z30000,H40000;STATUS:X0,Y0,Z0,H0
16:02:34.381 [串口 RX] GET_STATE
16:02:34.383 [串口 TX] STATE:IO=0x0000000000400001;POS:X10000,Y20000,Z30000,H40000;STATUS:X0,Y0,Z0,H0
16:02:34.585 [串口 RX] GET_STATE
16:02:34.589 [串口 TX] STATE:IO=0x0000000000400001;POS:X10000,Y20000,Z30000,H40000;STATUS:X0,Y0,Z0,H0
16:02:34.806 [串口 RX] GET_STATE
16:02:34.809 [串口 TX] STATE:IO=0x0000000000400001;POS:X10000,Y20000,Z30000,H40000;STATUS:X0,Y0,Z0,H0
16:02:35.020 [串口 RX] GET_STATE
16:02:35.024 [串口 TX] STATE:IO=0x0000000000400001;POS:X10000,Y20000,Z30000,H40000;STATUS:X0,Y0,Z0,H0
16:02:35.238 [串口 RX] GET_STATE
16:02:35.242 [串口 TX] STATE:IO=0x0000000000400001;POS:X10000,Y20000,Z30000,H40000;STATUS:X0,Y0,Z0,H0
16:02:35.456 [串口 RX] GET_STATE
16:02:35.459 [串口 TX] STATE:IO=0x0000000000400001;POS:X10000,Y20000,Z30000,H40000;STATUS:X0,Y0,Z0,H0
16:02:35.673 [串口 RX] GET_STATE
16:02:35.676 [串口 TX] STATE:IO=0x0000000000400001;POS:X10000,Y20000,Z30000,H40000;STATUS:X0,Y0,Z0,H0
16:02:35.888 [串口 RX] GET_STATE
16:02:35.890 [串口 TX] STATE:IO=0x0000000000400001;POS:X10000,Y20000,Z30000,H40000;STATUS:X0,Y0,Z0,H0
16:02:36.105 [串口 RX] GET_STATE
16:02:36.138 [串口 TX] STATE:IO=0x0000000000400001;POS:X10000,Y20000,Z30000,H40000;STATUS:X0,Y0,Z0,H0
16:02:36.340 [串口 RX] GET_STATE
16:02:36.348 [串口 TX] STATE:IO=0x0000000000400001;POS:X10000,Y20000,Z30000,H40000;STATUS:X0,Y0,Z0,H0
16:02:36.556 [串口 RX] GET_STATE
16:02:36.561 [串口 TX] STATE:IO=0x0000000000400001;POS:X10000,Y20000,Z30000,H40000;STATUS:X0,Y0,Z0,H0
16:02:36.775 [串口 RX] GET_STATE
16:02:36.815 [串口 TX] STATE:IO=0x0000000000400001;POS:X10000,Y20000,Z30000,H40000;STATUS:X0,Y0,Z0,H0
16:02:37.023 [串口 RX] GET_STATE
16:02:37.048 [串口 TX] STATE:IO=0x0000000000400001;POS:X10000,Y20000,Z30000,H40000;STATUS:X0,Y0,Z0,H0
16:02:37.255 [串口 RX] GET_STATE
16:02:37.273 [串口 TX] STATE:IO=0x0000000000400001;POS:X10000,Y20000,Z30000,H40000;STATUS:X0,Y0,Z0,H0
16:02:37.489 [串口 RX] GET_STATE
16:02:37.492 [串口 TX] STATE:IO=0x0000000000400001;POS:X10000,Y20000,Z30000,H40000;STATUS:X0,Y0,Z0,H0
16:02:37.708 [串口 RX] GET_STATE
16:02:37.711 [串口 TX] STATE:IO=0x0000000000400001;POS:X10000,Y20000,Z30000,H40000;STATUS:X0,Y0,Z0,H0
16:02:37.924 [串口 RX] GET_STATE
16:02:37.927 [串口 TX] STATE:IO=0x0000000000400001;POS:X10000,Y20000,Z30000,H40000;STATUS:X0,Y0,Z0,H0
16:02:38.127 [串口 RX] GET_STATE
16:02:38.160 [串口 TX] STATE:IO=0x0000000000400001;POS:X10000,Y20000,Z30000,H40000;STATUS:X0,Y0,Z0,H0
16:02:38.362 [串口 RX] GET_STATE
16:02:38.364 [串口 TX] STATE:IO=0x0000000000400001;POS:X10000,Y20000,Z30000,H40000;STATUS:X0,Y0,Z0,H0
16:02:38.579 [串口 RX] GET_STATE
16:02:38.582 [串口 TX] STATE:IO=0x0000000000400001;POS:X10000,Y20000,Z30000,H40000;STATUS:X0,Y0,Z0,H0
16:02:38.797 [串口 RX] GET_STATE
16:02:38.804 [串口 TX] STATE:IO=0x0000000000400001;POS:X10000,Y20000,Z30000,H40000;STATUS:X0,Y0,Z0,H0
16:02:39.014 [串口 RX] GET_STATE
16:02:39.018 [串口 TX] STATE:IO=0x0000000000400001;POS:X10000,Y20000,Z30000,H40000;STATUS:X0,Y0,Z0,H0
16:02:39.233 [串口 RX] GET_STATE
16:02:39.236 [串口 TX] STATE:IO=0x0000000000400001;POS:X10000,Y20000,Z30000,H40000;STATUS:X0,Y0,Z0,H0
16:02:39.449 [串口 RX] GET_STATE
16:02:39.452 [串口 TX] STATE:IO=0x0000000000400001;POS:X10000,Y20000,Z30000,H40000;STATUS:X0,Y0,Z0,H0
16:02:39.654 [串口 RX] GET_STATE
16:02:39.656 [串口 TX] STATE:IO=0x0000000000400001;POS:X10000,Y20000,Z30000,H40000;STATUS:X0,Y0,Z0,H0
16:02:39.870 [串口 RX] GET_STATE
16:02:39.873 [串口 TX] STATE:IO=0x0000000000400001;POS:X10000,Y20000,Z30000,H40000;STATUS:X0,Y0,Z0,H0
16:02:40.085 [串口 RX] GET_STATE
16:02:40.117 [串口 TX] STATE:IO=0x0000000000400001;POS:X10000,Y20000,Z30000,H40000;STATUS:X0,Y0,Z0,H0
16:02:40.330 [串口 RX] GET_STATE
16:02:40.336 [串口 TX] STATE:IO=0x0000000000400001;POS:X10000,Y20000,Z30000,H40000;STATUS:X0,Y0,Z0,H0
16:02:40.544 [串口 RX] GET_STATE
16:02:40.547 [串口 TX] STATE:IO=0x0000000000400001;POS:X10000,Y20000,Z30000,H40000;STATUS:X0,Y0,Z0,H0
16:02:40.761 [串口 RX] GET_STATE
16:02:40.763 [串口 TX] STATE:IO=0x0000000000400001;POS:X10000,Y20000,Z30000,H40000;STATUS:X0,Y0,Z0,H0
16:02:40.977 [串口 RX] GET_STATE
16:02:40.980 [串口 TX] STATE:IO=0x0000000000400001;POS:X10000,Y20000,Z30000,H40000;STATUS:X0,Y0,Z0,H0
16:02:41.191 [串口 RX] GET_STATE
16:02:41.194 [串口 TX] STATE:IO=0x0000000000400001;POS:X10000,Y20000,Z30000,H40000;STATUS:X0,Y0,Z0,H0
16:02:41.395 [串口 RX] GET_STATE
16:02:41.397 [串口 TX] STATE:IO=0x0000000000400001;POS:X10000,Y20000,Z30000,H40000;STATUS:X0,Y0,Z0,H0
16:02:41.598 [串口 RX] GET_STATE
16:02:41.601 [串口 TX] STATE:IO=0x0000000000400001;POS:X10000,Y20000,Z30000,H40000;STATUS:X0,Y0,Z0,H0
16:02:41.815 [串口 RX] GET_STATE
16:02:41.818 [串口 TX] STATE:IO=0x0000000000400001;POS:X10000,Y20000,Z30000,H40000;STATUS:X0,Y0,Z0,H0
16:02:42.032 [串口 RX] GET_STATE
16:02:42.063 [串口 TX] STATE:IO=0x0000000000400001;POS:X10000,Y20000,Z30000,H40000;STATUS:X0,Y0,Z0,H0
16:02:42.277 [串口 RX] GET_STATE
16:02:42.282 [串口 TX] STATE:IO=0x0000000000400001;POS:X10000,Y20000,Z30000,H40000;STATUS:X0,Y0,Z0,H0
16:02:42.493 [串口 RX] GET_STATE
16:02:42.496 [串口 TX] STATE:IO=0x0000000000400001;POS:X10000,Y20000,Z30000,H40000;STATUS:X0,Y0,Z0,H0
16:02:42.708 [串口 RX] GET_STATE
16:02:42.712 [串口 TX] STATE:IO=0x0000000000400001;POS:X10000,Y20000,Z30000,H40000;STATUS:X0,Y0,Z0,H0
16:02:42.926 [串口 RX] GET_STATE
16:02:42.929 [串口 TX] STATE:IO=0x0000000000400001;POS:X10000,Y20000,Z30000,H40000;STATUS:X0,Y0,Z0,H0
16:02:43.143 [串口 RX] GET_STATE
16:02:43.146 [串口 TX] STATE:IO=0x0000000000400001;POS:X10000,Y20000,Z30000,H40000;STATUS:X0,Y0,Z0,H0
16:02:43.359 [串口 RX] GET_STATE
16:02:43.363 [串口 TX] STATE:IO=0x0000000000400001;POS:X10000,Y20000,Z30000,H40000;STATUS:X0,Y0,Z0,H0
16:02:43.573 [串口 RX] GET_STATE
16:02:43.579 [串口 TX] STATE:IO=0x0000000000400001;POS:X10000,Y20000,Z30000,H40000;STATUS:X0,Y0,Z0,H0
16:02:43.792 [串口 RX] GET_STATE
16:02:43.795 [串口 TX] STATE:IO=0x0000000000400001;POS:X10000,Y20000,Z30000,H40000;STATUS:X0,Y0,Z0,H0
16:02:44.007 [串口 RX] GET_STATE
16:02:44.010 [串口 TX] STATE:IO=0x0000000000400001;POS:X10000,Y20000,Z30000,H40000;STATUS:X0,Y0,Z0,H0
16:02:44.210 [串口 RX] GET_STATE
16:02:44.242 [串口 TX] STATE:IO=0x0000000000400001;POS:X10000,Y20000,Z30000,H40000;STATUS:X0,Y0,Z0,H0
16:02:44.444 [串口 RX] GET_STATE
16:02:44.446 [串口 TX] STATE:IO=0x0000000000400001;POS:X10000,Y20000,Z30000,H40000;STATUS:X0,Y0,Z0,H0
16:02:44.647 [串口 RX] GET_STATE
16:02:44.649 [串口 TX] STATE:IO=0x0000000000400001;POS:X10000,Y20000,Z30000,H40000;STATUS:X0,Y0,Z0,H0
16:02:44.864 [串口 RX] GET_STATE
16:02:44.866 [串口 TX] STATE:IO=0x0000000000400001;POS:X10000,Y20000,Z30000,H40000;STATUS:X0,Y0,Z0,H0
16:02:45.081 [串口 RX] GET_STATE
16:02:45.086 [串口 TX] STATE:IO=0x0000000000400001;POS:X10000,Y20000,Z30000,H40000;STATUS:X0,Y0,Z0,H0
16:02:45.298 [串口 RX] GET_STATE
16:02:45.300 [串口 TX] STATE:IO=0x0000000000400001;POS:X10000,Y20000,Z30000,H40000;STATUS:X0,Y0,Z0,H0
16:02:45.515 [串口 RX] GET_STATE
16:02:45.517 [串口 TX] STATE:IO=0x0000000000400001;POS:X10000,Y20000,Z30000,H40000;STATUS:X0,Y0,Z0,H0
16:02:45.731 [串口 RX] GET_STATE
16:02:45.736 [串口 TX] STATE:IO=0x0000000000400001;POS:X10000,Y20000,Z30000,H40000;STATUS:X0,Y0,Z0,H0
16:02:45.951 [串口 RX] GET_STATE
16:02:45.955 [串口 TX] STATE:IO=0x0000000000400001;POS:X10000,Y20000,Z30000,H40000;STATUS:X0,Y0,Z0,H0
16:02:46.168 [串口 RX] GET_STATE
16:02:46.201 [串口 TX] STATE:IO=0x0000000000400001;POS:X10000,Y20000,Z30000,H40000;STATUS:X0,Y0,Z0,H0
16:02:46.416 [串口 RX] GET_STATE
16:02:46.419 [串口 TX] STATE:IO=0x0000000000400001;POS:X10000,Y20000,Z30000,H40000;STATUS:X0,Y0,Z0,H0
16:02:46.633 [串口 RX] GET_STATE
16:02:46.636 [串口 TX] STATE:IO=0x0000000000400001;POS:X10000,Y20000,Z30000,H40000;STATUS:X0,Y0,Z0,H0
16:02:46.838 [串口 RX] GET_STATE
16:02:46.840 [串口 TX] STATE:IO=0x0000000000400001;POS:X10000,Y20000,Z30000,H40000;STATUS:X0,Y0,Z0,H0
16:02:47.042 [串口 RX] GET_STATE
16:02:47.046 [串口 TX] STATE:IO=0x0000000000400001;POS:X10000,Y20000,Z30000,H40000;STATUS:X0,Y0,Z0,H0
16:02:47.259 [串口 RX] GET_STATE
16:02:47.262 [串口 TX] STATE:IO=0x0000000000400001;POS:X10000,Y20000,Z30000,H40000;STATUS:X0,Y0,Z0,H0
16:02:47.477 [串口 RX] GET_STATE
16:02:47.480 [串口 TX] STATE:IO=0x0000000000400001;POS:X10000,Y20000,Z30000,H40000;STATUS:X0,Y0,Z0,H0
16:02:47.695 [串口 RX] GET_STATE
16:02:47.698 [串口 TX] STATE:IO=0x0000000000400001;POS:X10000,Y20000,Z30000,H40000;STATUS:X0,Y0,Z0,H0
16:02:47.913 [串口 RX] GET_STATE
16:02:47.917 [串口 TX] STATE:IO=0x0000000000400001;POS:X10000,Y20000,Z30000,H40000;STATUS:X0,Y0,Z0,H0
16:02:48.129 [串口 RX] GET_STATE
16:02:48.161 [串口 TX] STATE:IO=0x0000000000400001;POS:X10000,Y20000,Z30000,H40000;STATUS:X0,Y0,Z0,H0
16:02:48.378 [串口 RX] GET_STATE
16:02:48.383 [串口 TX] STATE:IO=0x0000000000400001;POS:X10000,Y20000,Z30000,H40000;STATUS:X0,Y0,Z0,H0
16:02:48.596 [串口 RX] GET_STATE
16:02:48.598 [串口 TX] STATE:IO=0x0000000000400001;POS:X10000,Y20000,Z30000,H40000;STATUS:X0,Y0,Z0,H0
16:02:48.812 [串口 RX] GET_STATE
16:02:48.816 [串口 TX] STATE:IO=0x0000000000400001;POS:X10000,Y20000,Z30000,H40000;STATUS:X0,Y0,Z0,H0
16:02:49.028 [串口 RX] GET_STATE
16:02:49.032 [串口 TX] STATE:IO=0x0000000000400001;POS:X10000,Y20000,Z30000,H40000;STATUS:X0,Y0,Z0,H0
16:02:49.245 [串口 RX] GET_STATE
16:02:49.249 [串口 TX] STATE:IO=0x0000000000400001;POS:X10000,Y20000,Z30000,H40000;STATUS:X0,Y0,Z0,H0
16:02:49.462 [串口 RX] GET_STATE
16:02:49.465 [串口 TX] STATE:IO=0x0000000000400001;POS:X10000,Y20000,Z30000,H40000;STATUS:X0,Y0,Z0,H0
16:02:49.678 [串口 RX] GET_STATE
16:02:49.680 [串口 TX] STATE:IO=0x0000000000400001;POS:X10000,Y20000,Z30000,H40000;STATUS:X0,Y0,Z0,H0
16:02:49.882 [串口 RX] GET_STATE
16:02:49.885 [串口 TX] STATE:IO=0x0000000000400001;POS:X10000,Y20000,Z30000,H40000;STATUS:X0,Y0,Z0,H0
16:02:50.097 [串口 RX] GET_STATE
16:02:50.128 [串口 TX] STATE:IO=0x0000000000400001;POS:X10000,Y20000,Z30000,H40000;STATUS:X0,Y0,Z0,H0
16:02:50.330 [串口 RX] GET_STATE
16:02:50.333 [串口 TX] STATE:IO=0x0000000000400001;POS:X10000,Y20000,Z30000,H40000;STATUS:X0,Y0,Z0,H0
16:02:50.549 [串口 RX] GET_STATE
16:02:50.551 [串口 TX] STATE:IO=0x0000000000400001;POS:X10000,Y20000,Z30000,H40000;STATUS:X0,Y0,Z0,H0
16:02:50.765 [串口 RX] GET_STATE
16:02:50.810 [串口 TX] STATE:IO=0x0000000000400001;POS:X10000,Y20000,Z30000,H40000;STATUS:X0,Y0,Z0,H0
16:02:51.027 [串口 RX] GET_STATE
16:02:51.066 [串口 TX] STATE:IO=0x0000000000400001;POS:X10000,Y20000,Z30000,H40000;STATUS:X0,Y0,Z0,H0
16:02:51.274 [串口 RX] GET_STATE
16:02:51.276 [串口 TX] STATE:IO=0x0000000000400001;POS:X10000,Y20000,Z30000,H40000;STATUS:X0,Y0,Z0,H0
16:02:51.493 [串口 RX] GET_STATE
16:02:51.495 [串口 TX] STATE:IO=0x0000000000400001;POS:X10000,Y20000,Z30000,H40000;STATUS:X0,Y0,Z0,H0
16:02:51.710 [串口 RX] GET_STATE
16:02:51.720 [串口 TX] STATE:IO=0x0000000000400001;POS:X10000,Y20000,Z30000,H40000;STATUS:X0,Y0,Z0,H0
16:02:51.927 [串口 RX] GET_STATE
16:02:51.931 [串口 TX] STATE:IO=0x0000000000400001;POS:X10000,Y20000,Z30000,H40000;STATUS:X0,Y0,Z0,H0
16:02:52.145 [串口 RX] GET_STATE
16:02:52.148 [串口 TX] STATE:IO=0x0000000000400001;POS:X10000,Y20000,Z30000,H40000;STATUS:X0,Y0,Z0,H0
16:02:52.361 [串口 RX] GET_STATE
16:02:52.395 [串口 TX] STATE:IO=0x0000000000400001;POS:X10000,Y20000,Z30000,H40000;STATUS:X0,Y0,Z0,H0
16:02:52.609 [串口 RX] GET_STATE
16:02:52.611 [串口 TX] STATE:IO=0x0000000000400001;POS:X10000,Y20000,Z30000,H40000;STATUS:X0,Y0,Z0,H0
16:02:52.812 [串口 RX] GET_STATE
16:02:52.815 [串口 TX] STATE:IO=0x0000000000400001;POS:X10000,Y20000,Z30000,H40000;STATUS:X0,Y0,Z0,H0
16:02:53.031 [串口 RX] GET_STATE
16:02:53.060 [串口 TX] STATE:IO=0x0000000000400001;POS:X10000,Y20000,Z30000,H40000;STATUS:X0,Y0,Z0,H0
16:02:53.261 [串口 RX] GET_STATE
16:02:53.264 [串口 TX] STATE:IO=0x0000000000400001;POS:X10000,Y20000,Z30000,H40000;STATUS:X0,Y0,Z0,H0
16:02:53.479 [串口 RX] GET_STATE
16:02:53.482 [串口 TX] STATE:IO=0x0000000000400001;POS:X10000,Y20000,Z30000,H40000;STATUS:X0,Y0,Z0,H0
16:02:53.694 [串口 RX] GET_STATE
16:02:53.697 [串口 TX] STATE:IO=0x0000000000400001;POS:X10000,Y20000,Z30000,H40000;STATUS:X0,Y0,Z0,H0
16:02:53.898 [串口 RX] GET_STATE
16:02:53.903 [串口 TX] STATE:IO=0x0000000000400001;POS:X10000,Y20000,Z30000,H40000;STATUS:X0,Y0,Z0,H0
16:02:54.115 [串口 RX] GET_STATE
16:02:54.119 [串口 TX] STATE:IO=0x0000000000400001;POS:X10000,Y20000,Z30000,H40000;STATUS:X0,Y0,Z0,H0
16:02:54.333 [串口 RX] GET_STATE
16:02:54.366 [串口 TX] STATE:IO=0x0000000000400001;POS:X10000,Y20000,Z30000,H40000;STATUS:X0,Y0,Z0,H0
16:02:54.581 [串口 RX] GET_STATE
16:02:54.584 [串口 TX] STATE:IO=0x0000000000400001;POS:X10000,Y20000,Z30000,H40000;STATUS:X0,Y0,Z0,H0
16:02:54.800 [串口 RX] GET_STATE
16:02:54.803 [串口 TX] STATE:IO=0x0000000000400001;POS:X10000,Y20000,Z30000,H40000;STATUS:X0,Y0,Z0,H0
16:02:55.018 [串口 RX] GET_STATE
16:02:55.021 [串口 TX] STATE:IO=0x0000000000400001;POS:X10000,Y20000,Z30000,H40000;STATUS:X0,Y0,Z0,H0
16:02:55.236 [串口 RX] GET_STATE
16:02:55.240 [串口 TX] STATE:IO=0x0000000000400001;POS:X10000,Y20000,Z30000,H40000;STATUS:X0,Y0,Z0,H0
16:02:55.453 [串口 RX] GET_STATE
16:02:55.456 [串口 TX] STATE:IO=0x0000000000400001;POS:X10000,Y20000,Z30000,H40000;STATUS:X0,Y0,Z0,H0
16:02:55.669 [串口 RX] GET_STATE
16:02:55.671 [串口 TX] STATE:IO=0x0000000000400001;POS:X10000,Y20000,Z30000,H40000;STATUS:X0,Y0,Z0,H0
16:02:55.886 [串口 RX] GET_STATE
16:02:55.889 [串口 TX] STATE:IO=0x0000000000400001;POS:X10000,Y20000,Z30000,H40000;STATUS:X0,Y0,Z0,H0
16:02:56.104 [串口 RX] GET_STATE
16:02:56.107 [串口 TX] STATE:IO=0x0000000000400001;POS:X10000,Y20000,Z30000,H40000;STATUS:X0,Y0,Z0,H0
16:02:56.322 [串口 RX] GET_STATE
16:02:56.348 [2D] 上位机已连接
16:02:56.350 [2D] 上位机已断开
16:02:56.354 [串口 TX] STATE:IO=0x0000000000400001;POS:X10000,Y20000,Z30000,H40000;STATUS:X0,Y0,Z0,H0
16:02:56.511 [3D] 上位机已连接
16:02:56.556 [串口 RX] GET_STATE
16:02:56.560 [串口 TX] STATE:IO=0x0000000000400001;POS:X10000,Y20000,Z30000,H40000;STATUS:X0,Y0,Z0,H0
16:02:56.772 [串口 RX] GET_STATE
16:02:56.775 [串口 TX] STATE:IO=0x0000000000400001;POS:X10000,Y20000,Z30000,H40000;STATUS:X0,Y0,Z0,H0
16:02:56.987 [串口 RX] GET_STATE
16:02:56.991 [串口 TX] STATE:IO=0x0000000000400001;POS:X10000,Y20000,Z30000,H40000;STATUS:X0,Y0,Z0,H0
16:02:57.206 [串口 RX] GET_STATE
16:02:57.210 [串口 TX] STATE:IO=0x0000000000400001;POS:X10000,Y20000,Z30000,H40000;STATUS:X0,Y0,Z0,H0
16:02:57.423 [串口 RX] GET_STATE
16:02:57.431 [串口 TX] STATE:IO=0x0000000000400001;POS:X10000,Y20000,Z30000,H40000;STATUS:X0,Y0,Z0,H0
16:02:57.639 [串口 RX] GET_STATE
16:02:57.646 [串口 TX] STATE:IO=0x0000000000400001;POS:X10000,Y20000,Z30000,H40000;STATUS:X0,Y0,Z0,H0
16:02:57.855 [串口 RX] GET_STATE
16:02:57.857 [串口 TX] STATE:IO=0x0000000000400001;POS:X10000,Y20000,Z30000,H40000;STATUS:X0,Y0,Z0,H0
16:02:58.073 [串口 RX] GET_STATE
16:02:58.079 [串口 TX] STATE:IO=0x0000000000400001;POS:X10000,Y20000,Z30000,H40000;STATUS:X0,Y0,Z0,H0
16:02:58.291 [串口 RX] GET_STATE
16:02:58.323 [串口 TX] STATE:IO=0x0000000000400001;POS:X10000,Y20000,Z30000,H40000;STATUS:X0,Y0,Z0,H0
16:02:58.524 [串口 RX] GET_STATE
16:02:58.527 [串口 TX] STATE:IO=0x0000000000400001;POS:X10000,Y20000,Z30000,H40000;STATUS:X0,Y0,Z0,H0
16:02:58.740 [串口 RX] GET_STATE
16:02:58.744 [串口 TX] STATE:IO=0x0000000000400001;POS:X10000,Y20000,Z30000,H40000;STATUS:X0,Y0,Z0,H0
16:02:58.957 [串口 RX] GET_STATE
16:02:58.961 [串口 TX] STATE:IO=0x0000000000400001;POS:X10000,Y20000,Z30000,H40000;STATUS:X0,Y0,Z0,H0
16:02:59.162 [串口 RX] GET_STATE
16:02:59.166 [串口 TX] STATE:IO=0x0000000000400001;POS:X10000,Y20000,Z30000,H40000;STATUS:X0,Y0,Z0,H0
16:02:59.380 [串口 RX] GET_STATE
16:02:59.383 [串口 TX] STATE:IO=0x0000000000400001;POS:X10000,Y20000,Z30000,H40000;STATUS:X0,Y0,Z0,H0
16:02:59.599 [串口 RX] GET_STATE
16:02:59.601 [串口 TX] STATE:IO=0x0000000000400001;POS:X10000,Y20000,Z30000,H40000;STATUS:X0,Y0,Z0,H0
16:02:59.814 [串口 RX] GET_STATE
16:02:59.818 [串口 TX] STATE:IO=0x0000000000400001;POS:X10000,Y20000,Z30000,H40000;STATUS:X0,Y0,Z0,H0
16:03:00.030 [串口 RX] GET_STATE
16:03:00.034 [串口 TX] STATE:IO=0x0000000000400001;POS:X10000,Y20000,Z30000,H40000;STATUS:X0,Y0,Z0,H0
16:03:00.248 [串口 RX] GET_STATE
16:03:00.280 [串口 TX] STATE:IO=0x0000000000400001;POS:X10000,Y20000,Z30000,H40000;STATUS:X0,Y0,Z0,H0
16:03:00.482 [串口 RX] GET_STATE
16:03:00.486 [串口 TX] STATE:IO=0x0000000000400001;POS:X10000,Y20000,Z30000,H40000;STATUS:X0,Y0,Z0,H0
16:03:00.702 [串口 RX] GET_STATE
16:03:00.705 [串口 TX] STATE:IO=0x0000000000400001;POS:X10000,Y20000,Z30000,H40000;STATUS:X0,Y0,Z0,H0
16:03:00.918 [串口 RX] GET_STATE
16:03:00.921 [串口 TX] STATE:IO=0x0000000000400001;POS:X10000,Y20000,Z30000,H40000;STATUS:X0,Y0,Z0,H0
16:03:01.122 [串口 RX] GET_STATE
16:03:01.125 [串口 TX] STATE:IO=0x0000000000400001;POS:X10000,Y20000,Z30000,H40000;STATUS:X0,Y0,Z0,H0
16:03:01.338 [串口 RX] GET_STATE
16:03:01.341 [串口 TX] STATE:IO=0x0000000000400001;POS:X10000,Y20000,Z30000,H40000;STATUS:X0,Y0,Z0,H0
16:03:01.555 [串口 RX] GET_STATE
16:03:01.563 [串口 TX] STATE:IO=0x0000000000400001;POS:X10000,Y20000,Z30000,H40000;STATUS:X0,Y0,Z0,H0
16:03:01.773 [串口 RX] GET_STATE
16:03:01.775 [串口 TX] STATE:IO=0x0000000000400001;POS:X10000,Y20000,Z30000,H40000;STATUS:X0,Y0,Z0,H0
16:03:01.990 [串口 RX] GET_STATE
16:03:01.992 [串口 TX] STATE:IO=0x0000000000400001;POS:X10000,Y20000,Z30000,H40000;STATUS:X0,Y0,Z0,H0
16:03:02.208 [串口 RX] GET_STATE
16:03:02.210 [串口 TX] STATE:IO=0x0000000000400001;POS:X10000,Y20000,Z30000,H40000;STATUS:X0,Y0,Z0,H0
16:03:02.411 [串口 RX] GET_STATE
16:03:02.444 [串口 TX] STATE:IO=0x0000000000400001;POS:X10000,Y20000,Z30000,H40000;STATUS:X0,Y0,Z0,H0
16:03:02.645 [串口 RX] GET_STATE
16:03:02.648 [串口 TX] STATE:IO=0x0000000000400001;POS:X10000,Y20000,Z30000,H40000;STATUS:X0,Y0,Z0,H0
16:03:02.861 [串口 RX] GET_STATE
16:03:02.865 [串口 TX] STATE:IO=0x0000000000400001;POS:X10000,Y20000,Z30000,H40000;STATUS:X0,Y0,Z0,H0
16:03:03.075 [串口 RX] GET_STATE
16:03:03.079 [串口 TX] STATE:IO=0x0000000000400001;POS:X10000,Y20000,Z30000,H40000;STATUS:X0,Y0,Z0,H0
16:03:03.293 [串口 RX] GET_STATE
16:03:03.297 [串口 TX] STATE:IO=0x0000000000400001;POS:X10000,Y20000,Z30000,H40000;STATUS:X0,Y0,Z0,H0
16:03:03.510 [串口 RX] GET_STATE
16:03:03.512 [串口 TX] STATE:IO=0x0000000000400001;POS:X10000,Y20000,Z30000,H40000;STATUS:X0,Y0,Z0,H0
16:03:03.727 [串口 RX] GET_STATE
16:03:03.731 [串口 TX] STATE:IO=0x0000000000400001;POS:X10000,Y20000,Z30000,H40000;STATUS:X0,Y0,Z0,H0
16:03:03.944 [串口 RX] GET_STATE
16:03:03.947 [串口 TX] STATE:IO=0x0000000000400001;POS:X10000,Y20000,Z30000,H40000;STATUS:X0,Y0,Z0,H0
16:03:04.160 [串口 RX] GET_STATE
16:03:04.164 [串口 TX] STATE:IO=0x0000000000400001;POS:X10000,Y20000,Z30000,H40000;STATUS:X0,Y0,Z0,H0
16:03:04.377 [串口 RX] GET_STATE
16:03:04.409 [串口 TX] STATE:IO=0x0000000000400001;POS:X10000,Y20000,Z30000,H40000;STATUS:X0,Y0,Z0,H0
16:03:04.624 [串口 RX] GET_STATE
16:03:04.626 [串口 TX] STATE:IO=0x0000000000400001;POS:X10000,Y20000,Z30000,H40000;STATUS:X0,Y0,Z0,H0
16:03:04.838 [串口 RX] GET_STATE
16:03:04.840 [串口 TX] STATE:IO=0x0000000000400001;POS:X10000,Y20000,Z30000,H40000;STATUS:X0,Y0,Z0,H0
16:03:05.054 [串口 RX] GET_STATE
16:03:05.057 [串口 TX] STATE:IO=0x0000000000400001;POS:X10000,Y20000,Z30000,H40000;STATUS:X0,Y0,Z0,H0
16:03:05.272 [串口 RX] GET_STATE
16:03:05.275 [串口 TX] STATE:IO=0x0000000000400001;POS:X10000,Y20000,Z30000,H40000;STATUS:X0,Y0,Z0,H0
16:03:05.490 [串口 RX] GET_STATE
16:03:05.493 [串口 TX] STATE:IO=0x0000000000400001;POS:X10000,Y20000,Z30000,H40000;STATUS:X0,Y0,Z0,H0
16:03:05.694 [串口 RX] GET_STATE
16:03:05.696 [串口 TX] STATE:IO=0x0000000000400001;POS:X10000,Y20000,Z30000,H40000;STATUS:X0,Y0,Z0,H0
16:03:05.910 [串口 RX] GET_STATE
16:03:05.914 [串口 TX] STATE:IO=0x0000000000400001;POS:X10000,Y20000,Z30000,H40000;STATUS:X0,Y0,Z0,H0
16:03:06.129 [串口 RX] GET_STATE
16:03:06.133 [串口 TX] STATE:IO=0x0000000000400001;POS:X10000,Y20000,Z30000,H40000;STATUS:X0,Y0,Z0,H0
16:03:06.343 [串口 RX] GET_STATE
16:03:06.375 [串口 TX] STATE:IO=0x0000000000400001;POS:X10000,Y20000,Z30000,H40000;STATUS:X0,Y0,Z0,H0
16:03:06.578 [串口 RX] GET_STATE
16:03:06.585 [串口 TX] STATE:IO=0x0000000000400001;POS:X10000,Y20000,Z30000,H40000;STATUS:X0,Y0,Z0,H0
16:03:06.798 [串口 RX] GET_STATE
16:03:06.802 [串口 TX] STATE:IO=0x0000000000400001;POS:X10000,Y20000,Z30000,H40000;STATUS:X0,Y0,Z0,H0
16:03:07.015 [串口 RX] GET_STATE
16:03:07.018 [串口 TX] STATE:IO=0x0000000000400001;POS:X10000,Y20000,Z30000,H40000;STATUS:X0,Y0,Z0,H0
16:03:07.231 [串口 RX] GET_STATE
16:03:07.234 [串口 TX] STATE:IO=0x0000000000400001;POS:X10000,Y20000,Z30000,H40000;STATUS:X0,Y0,Z0,H0
16:03:07.447 [串口 RX] GET_STATE
16:03:07.451 [串口 TX] STATE:IO=0x0000000000400001;POS:X10000,Y20000,Z30000,H40000;STATUS:X0,Y0,Z0,H0
16:03:07.663 [串口 RX] GET_STATE
16:03:07.667 [串口 TX] STATE:IO=0x0000000000400001;POS:X10000,Y20000,Z30000,H40000;STATUS:X0,Y0,Z0,H0
16:03:07.883 [串口 RX] GET_STATE
16:03:07.889 [串口 TX] STATE:IO=0x0000000000400001;POS:X10000,Y20000,Z30000,H40000;STATUS:X0,Y0,Z0,H0
16:03:08.097 [串口 RX] GET_STATE
16:03:08.101 [串口 TX] STATE:IO=0x0000000000400001;POS:X10000,Y20000,Z30000,H40000;STATUS:X0,Y0,Z0,H0
16:03:08.314 [串口 RX] GET_STATE
16:03:08.345 [串口 TX] STATE:IO=0x0000000000400001;POS:X10000,Y20000,Z30000,H40000;STATUS:X0,Y0,Z0,H0
16:03:08.549 [串口 RX] GET_STATE
16:03:08.551 [串口 TX] STATE:IO=0x0000000000400001;POS:X10000,Y20000,Z30000,H40000;STATUS:X0,Y0,Z0,H0
16:03:08.765 [串口 RX] GET_STATE
16:03:08.770 [串口 TX] STATE:IO=0x0000000000400001;POS:X10000,Y20000,Z30000,H40000;STATUS:X0,Y0,Z0,H0
16:03:08.984 [串口 RX] GET_STATE
16:03:08.990 [串口 TX] STATE:IO=0x0000000000400001;POS:X10000,Y20000,Z30000,H40000;STATUS:X0,Y0,Z0,H0
16:03:09.198 [串口 RX] GET_STATE
16:03:09.201 [串口 TX] STATE:IO=0x0000000000400001;POS:X10000,Y20000,Z30000,H40000;STATUS:X0,Y0,Z0,H0
16:03:09.403 [串口 RX] GET_STATE
16:03:09.406 [串口 TX] STATE:IO=0x0000000000400001;POS:X10000,Y20000,Z30000,H40000;STATUS:X0,Y0,Z0,H0
16:03:09.620 [串口 RX] GET_STATE
16:03:09.623 [串口 TX] STATE:IO=0x0000000000400001;POS:X10000,Y20000,Z30000,H40000;STATUS:X0,Y0,Z0,H0
16:03:09.837 [串口 RX] GET_STATE
16:03:09.840 [串口 TX] STATE:IO=0x0000000000400001;POS:X10000,Y20000,Z30000,H40000;STATUS:X0,Y0,Z0,H0
16:03:10.041 [串口 RX] GET_STATE
16:03:10.044 [串口 TX] STATE:IO=0x0000000000400001;POS:X10000,Y20000,Z30000,H40000;STATUS:X0,Y0,Z0,H0
16:03:10.260 [串口 RX] GET_STATE
16:03:10.291 [串口 TX] STATE:IO=0x0000000000400001;POS:X10000,Y20000,Z30000,H40000;STATUS:X0,Y0,Z0,H0
16:03:10.506 [串口 RX] GET_STATE
16:03:10.509 [串口 TX] STATE:IO=0x0000000000400001;POS:X10000,Y20000,Z30000,H40000;STATUS:X0,Y0,Z0,H0
16:03:10.724 [串口 RX] GET_STATE
16:03:10.727 [串口 TX] STATE:IO=0x0000000000400001;POS:X10000,Y20000,Z30000,H40000;STATUS:X0,Y0,Z0,H0
16:03:10.941 [串口 RX] GET_STATE
16:03:10.945 [串口 TX] STATE:IO=0x0000000000400001;POS:X10000,Y20000,Z30000,H40000;STATUS:X0,Y0,Z0,H0
16:03:11.158 [串口 RX] GET_STATE
16:03:11.162 [串口 TX] STATE:IO=0x0000000000400001;POS:X10000,Y20000,Z30000,H40000;STATUS:X0,Y0,Z0,H0
16:03:11.377 [串口 RX] GET_STATE
16:03:11.380 [串口 TX] STATE:IO=0x0000000000400001;POS:X10000,Y20000,Z30000,H40000;STATUS:X0,Y0,Z0,H0
16:03:11.594 [串口 RX] GET_STATE
16:03:11.598 [串口 TX] STATE:IO=0x0000000000400001;POS:X10000,Y20000,Z30000,H40000;STATUS:X0,Y0,Z0,H0
16:03:11.813 [串口 RX] GET_STATE
16:03:11.818 [串口 TX] STATE:IO=0x0000000000400001;POS:X10000,Y20000,Z30000,H40000;STATUS:X0,Y0,Z0,H0
16:03:12.030 [串口 RX] GET_STATE
16:03:12.034 [串口 TX] STATE:IO=0x0000000000400001;POS:X10000,Y20000,Z30000,H40000;STATUS:X0,Y0,Z0,H0
16:03:12.246 [串口 RX] GET_STATE
16:03:12.248 [串口 TX] STATE:IO=0x0000000000400001;POS:X10000,Y20000,Z30000,H40000;STATUS:X0,Y0,Z0,H0
16:03:12.462 [串口 RX] GET_STATE
16:03:12.494 [串口 TX] STATE:IO=0x0000000000400001;POS:X10000,Y20000,Z30000,H40000;STATUS:X0,Y0,Z0,H0
16:03:12.695 [串口 RX] GET_STATE
16:03:12.698 [串口 TX] STATE:IO=0x0000000000400001;POS:X10000,Y20000,Z30000,H40000;STATUS:X0,Y0,Z0,H0
16:03:12.912 [串口 RX] GET_STATE
16:03:12.915 [串口 TX] STATE:IO=0x0000000000400001;POS:X10000,Y20000,Z30000,H40000;STATUS:X0,Y0,Z0,H0
16:03:13.128 [串口 RX] GET_STATE
16:03:13.130 [串口 TX] STATE:IO=0x0000000000400001;POS:X10000,Y20000,Z30000,H40000;STATUS:X0,Y0,Z0,H0
16:03:13.331 [串口 RX] GET_STATE
16:03:13.335 [串口 TX] STATE:IO=0x0000000000400001;POS:X10000,Y20000,Z30000,H40000;STATUS:X0,Y0,Z0,H0
16:03:13.548 [串口 RX] GET_STATE
16:03:13.551 [串口 TX] STATE:IO=0x0000000000400001;POS:X10000,Y20000,Z30000,H40000;STATUS:X0,Y0,Z0,H0
16:03:13.767 [串口 RX] GET_STATE
16:03:13.770 [串口 TX] STATE:IO=0x0000000000400001;POS:X10000,Y20000,Z30000,H40000;STATUS:X0,Y0,Z0,H0
16:03:13.984 [串口 RX] GET_STATE
16:03:13.987 [串口 TX] STATE:IO=0x0000000000400001;POS:X10000,Y20000,Z30000,H40000;STATUS:X0,Y0,Z0,H0
16:03:14.200 [串口 RX] GET_STATE
16:03:14.203 [串口 TX] STATE:IO=0x0000000000400001;POS:X10000,Y20000,Z30000,H40000;STATUS:X0,Y0,Z0,H0
16:03:14.417 [串口 RX] GET_STATE
16:03:14.448 [串口 TX] STATE:IO=0x0000000000400001;POS:X10000,Y20000,Z30000,H40000;STATUS:X0,Y0,Z0,H0
16:03:14.664 [串口 RX] GET_STATE
16:03:14.666 [串口 TX] STATE:IO=0x0000000000400001;POS:X10000,Y20000,Z30000,H40000;STATUS:X0,Y0,Z0,H0
16:03:14.867 [串口 RX] GET_STATE
16:03:14.873 [串口 TX] STATE:IO=0x0000000000400001;POS:X10000,Y20000,Z30000,H40000;STATUS:X0,Y0,Z0,H0
16:03:15.087 [串口 RX] GET_STATE
16:03:15.090 [串口 TX] STATE:IO=0x0000000000400001;POS:X10000,Y20000,Z30000,H40000;STATUS:X0,Y0,Z0,H0
16:03:15.303 [串口 RX] GET_STATE
16:03:15.305 [串口 TX] STATE:IO=0x0000000000400001;POS:X10000,Y20000,Z30000,H40000;STATUS:X0,Y0,Z0,H0
16:03:15.518 [串口 RX] GET_STATE
16:03:15.523 [串口 TX] STATE:IO=0x0000000000400001;POS:X10000,Y20000,Z30000,H40000;STATUS:X0,Y0,Z0,H0
16:03:15.736 [串口 RX] GET_STATE
16:03:15.740 [串口 TX] STATE:IO=0x0000000000400001;POS:X10000,Y20000,Z30000,H40000;STATUS:X0,Y0,Z0,H0
16:03:15.953 [串口 RX] GET_STATE
16:03:15.956 [串口 TX] STATE:IO=0x0000000000400001;POS:X10000,Y20000,Z30000,H40000;STATUS:X0,Y0,Z0,H0
16:03:16.171 [串口 RX] GET_STATE
16:03:16.177 [串口 TX] STATE:IO=0x0000000000400001;POS:X10000,Y20000,Z30000,H40000;STATUS:X0,Y0,Z0,H0
16:03:16.387 [串口 RX] GET_STATE
16:03:16.419 [串口 TX] STATE:IO=0x0000000000400001;POS:X10000,Y20000,Z30000,H40000;STATUS:X0,Y0,Z0,H0
16:03:16.633 [串口 RX] GET_STATE
16:03:16.640 [串口 TX] STATE:IO=0x0000000000400001;POS:X10000,Y20000,Z30000,H40000;STATUS:X0,Y0,Z0,H0
16:03:16.851 [串口 RX] GET_STATE
16:03:16.854 [串口 TX] STATE:IO=0x0000000000400001;POS:X10000,Y20000,Z30000,H40000;STATUS:X0,Y0,Z0,H0
16:03:17.067 [串口 RX] GET_STATE
16:03:17.071 [串口 TX] STATE:IO=0x0000000000400001;POS:X10000,Y20000,Z30000,H40000;STATUS:X0,Y0,Z0,H0
16:03:17.283 [串口 RX] GET_STATE
16:03:17.288 [串口 TX] STATE:IO=0x0000000000400001;POS:X10000,Y20000,Z30000,H40000;STATUS:X0,Y0,Z0,H0
16:03:17.501 [串口 RX] GET_STATE
16:03:17.504 [串口 TX] STATE:IO=0x0000000000400001;POS:X10000,Y20000,Z30000,H40000;STATUS:X0,Y0,Z0,H0
16:03:17.717 [串口 RX] GET_STATE
16:03:17.720 [串口 TX] STATE:IO=0x0000000000400001;POS:X10000,Y20000,Z30000,H40000;STATUS:X0,Y0,Z0,H0
16:03:17.921 [串口 RX] GET_STATE
16:03:17.925 [串口 TX] STATE:IO=0x0000000000400001;POS:X10000,Y20000,Z30000,H40000;STATUS:X0,Y0,Z0,H0
16:03:18.140 [串口 RX] GET_STATE
16:03:18.144 [串口 TX] STATE:IO=0x0000000000400001;POS:X10000,Y20000,Z30000,H40000;STATUS:X0,Y0,Z0,H0
16:03:18.357 [串口 RX] GET_STATE
16:03:18.389 [串口 TX] STATE:IO=0x0000000000400001;POS:X10000,Y20000,Z30000,H40000;STATUS:X0,Y0,Z0,H0
16:03:18.603 [串口 RX] GET_STATE
16:03:18.606 [串口 TX] STATE:IO=0x0000000000400001;POS:X10000,Y20000,Z30000,H40000;STATUS:X0,Y0,Z0,H0
16:03:18.819 [串口 RX] GET_STATE
16:03:18.823 [串口 TX] STATE:IO=0x0000000000400001;POS:X10000,Y20000,Z30000,H40000;STATUS:X0,Y0,Z0,H0
16:03:19.036 [串口 RX] GET_STATE
16:03:19.039 [串口 TX] STATE:IO=0x0000000000400001;POS:X10000,Y20000,Z30000,H40000;STATUS:X0,Y0,Z0,H0
16:03:19.253 [串口 RX] GET_STATE
16:03:19.256 [串口 TX] STATE:IO=0x0000000000400001;POS:X10000,Y20000,Z30000,H40000;STATUS:X0,Y0,Z0,H0
16:03:19.471 [串口 RX] GET_STATE
16:03:19.474 [串口 TX] STATE:IO=0x0000000000400001;POS:X10000,Y20000,Z30000,H40000;STATUS:X0,Y0,Z0,H0
16:03:19.688 [串口 RX] GET_STATE
16:03:19.690 [串口 TX] STATE:IO=0x0000000000400001;POS:X10000,Y20000,Z30000,H40000;STATUS:X0,Y0,Z0,H0
16:03:19.893 [串口 RX] GET_STATE
16:03:19.900 [串口 TX] STATE:IO=0x0000000000400001;POS:X10000,Y20000,Z30000,H40000;STATUS:X0,Y0,Z0,H0
16:03:20.111 [串口 RX] GET_STATE
16:03:20.116 [串口 TX] STATE:IO=0x0000000000400001;POS:X10000,Y20000,Z30000,H40000;STATUS:X0,Y0,Z0,H0
16:03:20.327 [串口 RX] GET_STATE
16:03:20.329 [串口 TX] STATE:IO=0x0000000000400001;POS:X10000,Y20000,Z30000,H40000;STATUS:X0,Y0,Z0,H0
16:03:20.544 [串口 RX] GET_STATE
16:03:20.576 [串口 TX] STATE:IO=0x0000000000400001;POS:X10000,Y20000,Z30000,H40000;STATUS:X0,Y0,Z0,H0
16:03:20.777 [串口 RX] GET_STATE
16:03:20.780 [串口 TX] STATE:IO=0x0000000000400001;POS:X10000,Y20000,Z30000,H40000;STATUS:X0,Y0,Z0,H0
16:03:20.995 [串口 RX] GET_STATE
16:03:20.998 [串口 TX] STATE:IO=0x0000000000400001;POS:X10000,Y20000,Z30000,H40000;STATUS:X0,Y0,Z0,H0
16:03:21.198 [串口 RX] GET_STATE
16:03:21.202 [串口 TX] STATE:IO=0x0000000000400001;POS:X10000,Y20000,Z30000,H40000;STATUS:X0,Y0,Z0,H0
16:03:21.416 [串口 RX] GET_STATE
16:03:21.419 [串口 TX] STATE:IO=0x0000000000400001;POS:X10000,Y20000,Z30000,H40000;STATUS:X0,Y0,Z0,H0
16:03:21.632 [串口 RX] GET_STATE
16:03:21.636 [串口 TX] STATE:IO=0x0000000000400001;POS:X10000,Y20000,Z30000,H40000;STATUS:X0,Y0,Z0,H0
16:03:21.851 [串口 RX] GET_STATE
16:03:21.855 [串口 TX] STATE:IO=0x0000000000400001;POS:X10000,Y20000,Z30000,H40000;STATUS:X0,Y0,Z0,H0
16:03:22.068 [串口 RX] GET_STATE
16:03:22.071 [串口 TX] STATE:IO=0x0000000000400001;POS:X10000,Y20000,Z30000,H40000;STATUS:X0,Y0,Z0,H0
16:03:22.286 [串口 RX] GET_STATE
16:03:22.289 [串口 TX] STATE:IO=0x0000000000400001;POS:X10000,Y20000,Z30000,H40000;STATUS:X0,Y0,Z0,H0
16:03:22.504 [串口 RX] GET_STATE
16:03:22.536 [串口 TX] STATE:IO=0x0000000000400001;POS:X10000,Y20000,Z30000,H40000;STATUS:X0,Y0,Z0,H0
16:03:22.751 [串口 RX] GET_STATE
16:03:22.754 [串口 TX] STATE:IO=0x0000000000400001;POS:X10000,Y20000,Z30000,H40000;STATUS:X0,Y0,Z0,H0
16:03:22.966 [串口 RX] GET_STATE
16:03:22.974 [串口 TX] STATE:IO=0x0000000000400001;POS:X10000,Y20000,Z30000,H40000;STATUS:X0,Y0,Z0,H0
16:03:23.180 [串口 RX] GET_STATE
16:03:23.184 [串口 TX] STATE:IO=0x0000000000400001;POS:X10000,Y20000,Z30000,H40000;STATUS:X0,Y0,Z0,H0
16:03:23.397 [串口 RX] GET_STATE
16:03:23.400 [串口 TX] STATE:IO=0x0000000000400001;POS:X10000,Y20000,Z30000,H40000;STATUS:X0,Y0,Z0,H0
16:03:23.612 [串口 RX] GET_STATE
16:03:23.617 [串口 TX] STATE:IO=0x0000000000400001;POS:X10000,Y20000,Z30000,H40000;STATUS:X0,Y0,Z0,H0
16:03:23.828 [串口 RX] GET_STATE
16:03:23.832 [串口 TX] STATE:IO=0x0000000000400001;POS:X10000,Y20000,Z30000,H40000;STATUS:X0,Y0,Z0,H0
16:03:24.045 [串口 RX] GET_STATE
16:03:24.047 [串口 TX] STATE:IO=0x0000000000400001;POS:X10000,Y20000,Z30000,H40000;STATUS:X0,Y0,Z0,H0
16:03:24.262 [串口 RX] GET_STATE
16:03:24.268 [串口 TX] STATE:IO=0x0000000000400001;POS:X10000,Y20000,Z30000,H40000;STATUS:X0,Y0,Z0,H0
16:03:24.478 [串口 RX] GET_STATE
16:03:24.511 [串口 TX] STATE:IO=0x0000000000400001;POS:X10000,Y20000,Z30000,H40000;STATUS:X0,Y0,Z0,H0
16:03:24.725 [串口 RX] GET_STATE
16:03:24.729 [串口 TX] STATE:IO=0x0000000000400001;POS:X10000,Y20000,Z30000,H40000;STATUS:X0,Y0,Z0,H0
16:03:24.941 [串口 RX] GET_STATE
16:03:24.944 [串口 TX] STATE:IO=0x0000000000400001;POS:X10000,Y20000,Z30000,H40000;STATUS:X0,Y0,Z0,H0
16:03:25.158 [串口 RX] GET_STATE
16:03:25.161 [串口 TX] STATE:IO=0x0000000000400001;POS:X10000,Y20000,Z30000,H40000;STATUS:X0,Y0,Z0,H0
16:03:25.373 [串口 RX] GET_STATE
16:03:25.375 [串口 TX] STATE:IO=0x0000000000400001;POS:X10000,Y20000,Z30000,H40000;STATUS:X0,Y0,Z0,H0
16:03:25.587 [串口 RX] GET_STATE
16:03:25.590 [串口 TX] STATE:IO=0x0000000000400001;POS:X10000,Y20000,Z30000,H40000;STATUS:X0,Y0,Z0,H0
16:03:25.804 [串口 RX] GET_STATE
16:03:25.807 [串口 TX] STATE:IO=0x0000000000400001;POS:X10000,Y20000,Z30000,H40000;STATUS:X0,Y0,Z0,H0
16:03:26.019 [串口 RX] GET_STATE
16:03:26.022 [串口 TX] STATE:IO=0x0000000000400001;POS:X10000,Y20000,Z30000,H40000;STATUS:X0,Y0,Z0,H0
16:03:26.237 [串口 RX] GET_STATE
16:03:26.240 [串口 TX] STATE:IO=0x0000000000400001;POS:X10000,Y20000,Z30000,H40000;STATUS:X0,Y0,Z0,H0
16:03:26.455 [串口 RX] GET_STATE
16:03:26.486 [串口 TX] STATE:IO=0x0000000000400001;POS:X10000,Y20000,Z30000,H40000;STATUS:X0,Y0,Z0,H0
16:03:26.689 [串口 RX] GET_STATE
16:03:26.692 [串口 TX] STATE:IO=0x0000000000400001;POS:X10000,Y20000,Z30000,H40000;STATUS:X0,Y0,Z0,H0
16:03:26.905 [串口 RX] GET_STATE
16:03:26.908 [串口 TX] STATE:IO=0x0000000000400001;POS:X10000,Y20000,Z30000,H40000;STATUS:X0,Y0,Z0,H0
16:03:27.122 [串口 RX] GET_STATE
16:03:27.127 [串口 TX] STATE:IO=0x0000000000400001;POS:X10000,Y20000,Z30000,H40000;STATUS:X0,Y0,Z0,H0
16:03:27.340 [串口 RX] GET_STATE
16:03:27.347 [串口 TX] STATE:IO=0x0000000000400001;POS:X10000,Y20000,Z30000,H40000;STATUS:X0,Y0,Z0,H0
16:03:27.557 [串口 RX] GET_STATE
16:03:27.560 [串口 TX] STATE:IO=0x0000000000400001;POS:X10000,Y20000,Z30000,H40000;STATUS:X0,Y0,Z0,H0
16:03:27.774 [串口 RX] GET_STATE
16:03:27.777 [串口 TX] STATE:IO=0x0000000000400001;POS:X10000,Y20000,Z30000,H40000;STATUS:X0,Y0,Z0,H0
16:03:27.990 [串口 RX] GET_STATE
16:03:27.993 [串口 TX] STATE:IO=0x0000000000400001;POS:X10000,Y20000,Z30000,H40000;STATUS:X0,Y0,Z0,H0
16:03:28.208 [串口 RX] GET_STATE
16:03:28.211 [串口 TX] STATE:IO=0x0000000000400001;POS:X10000,Y20000,Z30000,H40000;STATUS:X0,Y0,Z0,H0
16:03:28.425 [串口 RX] GET_STATE
16:03:28.456 [串口 TX] STATE:IO=0x0000000000400001;POS:X10000,Y20000,Z30000,H40000;STATUS:X0,Y0,Z0,H0
16:03:28.658 [串口 RX] GET_STATE
16:03:28.661 [串口 TX] STATE:IO=0x0000000000400001;POS:X10000,Y20000,Z30000,H40000;STATUS:X0,Y0,Z0,H0
16:03:28.874 [串口 RX] GET_STATE
16:03:28.880 [串口 TX] STATE:IO=0x0000000000400001;POS:X10000,Y20000,Z30000,H40000;STATUS:X0,Y0,Z0,H0
16:03:29.094 [串口 RX] GET_STATE
16:03:29.098 [串口 TX] STATE:IO=0x0000000000400001;POS:X10000,Y20000,Z30000,H40000;STATUS:X0,Y0,Z0,H0
16:03:29.173 [2D] 上位机已断开
16:03:29.310 [串口 RX] GET_STATE
16:03:29.312 [串口 TX] STATE:IO=0x0000000000400001;POS:X10000,Y20000,Z30000,H40000;STATUS:X0,Y0,Z0,H0
16:03:29.730 [串口 RX] PING
16:03:29.731 [串口 TX] PING:123us
16:03:29.946 [串口 RX] PING
16:03:29.947 [串口 TX] PING:123us
16:03:30.163 [串口 RX] GET_STATE
16:03:30.166 [串口 TX] STATE:IO=0x0000000000400001;POS:X10000,Y20000,Z30000,H40000;STATUS:X0,Y0,Z0,H0
16:03:30.381 [串口 RX] YELLOWLED_ON
16:03:30.381 [IO] bit22 置位 → IO=0x0000000000400001
16:03:30.382 [串口 TX] YELLOWLED_ON_OK
16:03:30.597 [串口 RX] GET_STATE
16:03:30.601 [串口 TX] STATE:IO=0x0000000000400001;POS:X10000,Y20000,Z30000,H40000;STATUS:X0,Y0,Z0,H0
16:03:30.816 [串口 RX] GET_STATE
16:03:30.819 [串口 TX] STATE:IO=0x0000000000400001;POS:X10000,Y20000,Z30000,H40000;STATUS:X0,Y0,Z0,H0
16:03:31.035 [串口 RX] GET_STATE
16:03:31.037 [串口 TX] STATE:IO=0x0000000000400001;POS:X10000,Y20000,Z30000,H40000;STATUS:X0,Y0,Z0,H0
16:03:31.252 [串口 RX] GET_STATE
16:03:31.285 [串口 TX] STATE:IO=0x0000000000400001;POS:X10000,Y20000,Z30000,H40000;STATUS:X0,Y0,Z0,H0
16:03:31.499 [串口 RX] GET_STATE
16:03:31.501 [串口 TX] STATE:IO=0x0000000000400001;POS:X10000,Y20000,Z30000,H40000;STATUS:X0,Y0,Z0,H0
16:03:31.704 [串口 RX] GET_STATE
16:03:31.707 [串口 TX] STATE:IO=0x0000000000400001;POS:X10000,Y20000,Z30000,H40000;STATUS:X0,Y0,Z0,H0
16:03:31.922 [串口 RX] GET_STATE
16:03:31.926 [串口 TX] STATE:IO=0x0000000000400001;POS:X10000,Y20000,Z30000,H40000;STATUS:X0,Y0,Z0,H0
16:03:32.139 [串口 RX] GET_STATE
16:03:32.141 [串口 TX] STATE:IO=0x0000000000400001;POS:X10000,Y20000,Z30000,H40000;STATUS:X0,Y0,Z0,H0
16:03:32.354 [串口 RX] GET_STATE
16:03:32.358 [串口 TX] STATE:IO=0x0000000000400001;POS:X10000,Y20000,Z30000,H40000;STATUS:X0,Y0,Z0,H0
16:03:32.573 [串口 RX] GET_STATE
16:03:32.579 [串口 TX] STATE:IO=0x0000000000400001;POS:X10000,Y20000,Z30000,H40000;STATUS:X0,Y0,Z0,H0
16:03:32.792 [串口 RX] GET_STATE
16:03:32.796 [串口 TX] STATE:IO=0x0000000000400001;POS:X10000,Y20000,Z30000,H40000;STATUS:X0,Y0,Z0,H0
16:03:33.009 [串口 RX] GET_STATE
16:03:33.011 [串口 TX] STATE:IO=0x0000000000400001;POS:X10000,Y20000,Z30000,H40000;STATUS:X0,Y0,Z0,H0
16:03:33.226 [串口 RX] GET_STATE
16:03:33.258 [串口 TX] STATE:IO=0x0000000000400001;POS:X10000,Y20000,Z30000,H40000;STATUS:X0,Y0,Z0,H0
16:03:33.459 [串口 RX] GET_STATE
16:03:33.464 [串口 TX] STATE:IO=0x0000000000400001;POS:X10000,Y20000,Z30000,H40000;STATUS:X0,Y0,Z0,H0
16:03:33.679 [串口 RX] GET_STATE
16:03:33.682 [串口 TX] STATE:IO=0x0000000000400001;POS:X10000,Y20000,Z30000,H40000;STATUS:X0,Y0,Z0,H0
16:03:33.898 [串口 RX] GET_STATE
16:03:33.904 [串口 TX] STATE:IO=0x0000000000400001;POS:X10000,Y20000,Z30000,H40000;STATUS:X0,Y0,Z0,H0
16:03:34.117 [串口 RX] GET_STATE
16:03:34.120 [串口 TX] STATE:IO=0x0000000000400001;POS:X10000,Y20000,Z30000,H40000;STATUS:X0,Y0,Z0,H0
16:03:34.322 [串口 RX] GET_STATE
16:03:34.326 [串口 TX] STATE:IO=0x0000000000400001;POS:X10000,Y20000,Z30000,H40000;STATUS:X0,Y0,Z0,H0
16:03:34.541 [串口 RX] GET_STATE
16:03:34.543 [串口 TX] STATE:IO=0x0000000000400001;POS:X10000,Y20000,Z30000,H40000;STATUS:X0,Y0,Z0,H0
16:03:34.744 [串口 RX] GET_STATE
16:03:34.746 [串口 TX] STATE:IO=0x0000000000400001;POS:X10000,Y20000,Z30000,H40000;STATUS:X0,Y0,Z0,H0
16:03:34.961 [串口 RX] GET_STATE
16:03:34.964 [串口 TX] STATE:IO=0x0000000000400001;POS:X10000,Y20000,Z30000,H40000;STATUS:X0,Y0,Z0,H0
16:03:35.165 [串口 RX] GET_STATE
16:03:35.197 [串口 TX] STATE:IO=0x0000000000400001;POS:X10000,Y20000,Z30000,H40000;STATUS:X0,Y0,Z0,H0
16:03:35.400 [串口 RX] GET_STATE
16:03:35.403 [串口 TX] STATE:IO=0x0000000000400001;POS:X10000,Y20000,Z30000,H40000;STATUS:X0,Y0,Z0,H0
16:03:35.605 [串口 RX] GET_STATE
16:03:35.608 [串口 TX] STATE:IO=0x0000000000400001;POS:X10000,Y20000,Z30000,H40000;STATUS:X0,Y0,Z0,H0
16:03:35.808 [串口 RX] GET_STATE
16:03:35.811 [串口 TX] STATE:IO=0x0000000000400001;POS:X10000,Y20000,Z30000,H40000;STATUS:X0,Y0,Z0,H0
16:03:36.023 [串口 RX] GET_STATE
16:03:36.027 [串口 TX] STATE:IO=0x0000000000400001;POS:X10000,Y20000,Z30000,H40000;STATUS:X0,Y0,Z0,H0
16:03:36.241 [串口 RX] GET_STATE
16:03:36.244 [串口 TX] STATE:IO=0x0000000000400001;POS:X10000,Y20000,Z30000,H40000;STATUS:X0,Y0,Z0,H0
16:03:36.456 [串口 RX] GET_STATE
16:03:36.459 [串口 TX] STATE:IO=0x0000000000400001;POS:X10000,Y20000,Z30000,H40000;STATUS:X0,Y0,Z0,H0
16:03:36.674 [串口 RX] GET_STATE
16:03:36.677 [串口 TX] STATE:IO=0x0000000000400001;POS:X10000,Y20000,Z30000,H40000;STATUS:X0,Y0,Z0,H0
16:03:36.892 [串口 RX] GET_STATE
16:03:36.894 [串口 TX] STATE:IO=0x0000000000400001;POS:X10000,Y20000,Z30000,H40000;STATUS:X0,Y0,Z0,H0
16:03:37.109 [串口 RX] GET_STATE
16:03:37.112 [串口 TX] STATE:IO=0x0000000000400001;POS:X10000,Y20000,Z30000,H40000;STATUS:X0,Y0,Z0,H0
16:03:37.324 [串口 RX] GET_STATE
16:03:37.357 [串口 TX] STATE:IO=0x0000000000400001;POS:X10000,Y20000,Z30000,H40000;STATUS:X0,Y0,Z0,H0
16:03:37.558 [串口 RX] GET_STATE
16:03:37.561 [串口 TX] STATE:IO=0x0000000000400001;POS:X10000,Y20000,Z30000,H40000;STATUS:X0,Y0,Z0,H0
16:03:37.761 [串口 RX] GET_STATE
16:03:37.765 [串口 TX] STATE:IO=0x0000000000400001;POS:X10000,Y20000,Z30000,H40000;STATUS:X0,Y0,Z0,H0
16:03:37.966 [串口 RX] GET_STATE
16:03:37.968 [串口 TX] STATE:IO=0x0000000000400001;POS:X10000,Y20000,Z30000,H40000;STATUS:X0,Y0,Z0,H0
16:03:38.184 [串口 RX] GET_STATE
16:03:38.187 [串口 TX] STATE:IO=0x0000000000400001;POS:X10000,Y20000,Z30000,H40000;STATUS:X0,Y0,Z0,H0
16:03:38.403 [串口 RX] GET_STATE
16:03:38.406 [串口 TX] STATE:IO=0x0000000000400001;POS:X10000,Y20000,Z30000,H40000;STATUS:X0,Y0,Z0,H0
16:11:11.607 [串口 RX] PING
16:11:11.609 [串口 TX] PING:123us
16:11:11.821 [串口 RX] PING
16:11:11.822 [串口 TX] PING:123us
16:11:12.025 [串口 RX] GET_STATE
16:11:12.093 [串口 TX] STATE:IO=0x0000000000400001;POS:X10000,Y20000,Z30000,H40000;STATUS:X0,Y0,Z0,H0
16:11:12.524 [串口 RX] YELLOWLED_ON
16:11:12.525 [IO] bit22 置位 → IO=0x0000000000400001
16:11:12.526 [串口 TX] YELLOWLED_ON_OK
16:11:12.741 [串口 RX] GET_STATE
16:11:12.745 [串口 TX] STATE:IO=0x0000000000400001;POS:X10000,Y20000,Z30000,H40000;STATUS:X0,Y0,Z0,H0
16:11:12.957 [串口 RX] GET_STATE
16:11:12.988 [串口 TX] STATE:IO=0x0000000000400001;POS:X10000,Y20000,Z30000,H40000;STATUS:X0,Y0,Z0,H0
16:11:13.189 [串口 RX] GET_STATE
16:11:13.193 [串口 TX] STATE:IO=0x0000000000400001;POS:X10000,Y20000,Z30000,H40000;STATUS:X0,Y0,Z0,H0
16:11:13.406 [串口 RX] GET_STATE
16:11:13.410 [串口 TX] STATE:IO=0x0000000000400001;POS:X10000,Y20000,Z30000,H40000;STATUS:X0,Y0,Z0,H0
16:11:13.624 [串口 RX] GET_STATE
16:11:13.628 [串口 TX] STATE:IO=0x0000000000400001;POS:X10000,Y20000,Z30000,H40000;STATUS:X0,Y0,Z0,H0
16:11:13.844 [串口 RX] GET_STATE
16:11:13.852 [串口 TX] STATE:IO=0x0000000000400001;POS:X10000,Y20000,Z30000,H40000;STATUS:X0,Y0,Z0,H0
16:11:14.062 [串口 RX] GET_STATE
16:11:14.066 [串口 TX] STATE:IO=0x0000000000400001;POS:X10000,Y20000,Z30000,H40000;STATUS:X0,Y0,Z0,H0
16:11:14.280 [串口 RX] GET_STATE
16:11:14.282 [串口 TX] STATE:IO=0x0000000000400001;POS:X10000,Y20000,Z30000,H40000;STATUS:X0,Y0,Z0,H0
16:11:14.496 [串口 RX] GET_STATE
16:11:14.500 [串口 TX] STATE:IO=0x0000000000400001;POS:X10000,Y20000,Z30000,H40000;STATUS:X0,Y0,Z0,H0
16:11:14.700 [串口 RX] GET_STATE
16:11:14.704 [串口 TX] STATE:IO=0x0000000000400001;POS:X10000,Y20000,Z30000,H40000;STATUS:X0,Y0,Z0,H0
16:11:14.916 [串口 RX] GET_STATE
16:11:14.918 [串口 TX] STATE:IO=0x0000000000400001;POS:X10000,Y20000,Z30000,H40000;STATUS:X0,Y0,Z0,H0
16:11:15.134 [串口 RX] GET_STATE
16:11:15.167 [串口 TX] STATE:IO=0x0000000000400001;POS:X10000,Y20000,Z30000,H40000;STATUS:X0,Y0,Z0,H0
16:11:15.369 [串口 RX] GET_STATE
16:11:15.373 [串口 TX] STATE:IO=0x0000000000400001;POS:X10000,Y20000,Z30000,H40000;STATUS:X0,Y0,Z0,H0
16:11:15.588 [串口 RX] GET_STATE
16:11:15.594 [串口 TX] STATE:IO=0x0000000000400001;POS:X10000,Y20000,Z30000,H40000;STATUS:X0,Y0,Z0,H0
16:11:15.805 [串口 RX] GET_STATE
16:11:15.808 [串口 TX] STATE:IO=0x0000000000400001;POS:X10000,Y20000,Z30000,H40000;STATUS:X0,Y0,Z0,H0
16:11:16.023 [串口 RX] GET_STATE
16:11:16.026 [串口 TX] STATE:IO=0x0000000000400001;POS:X10000,Y20000,Z30000,H40000;STATUS:X0,Y0,Z0,H0
16:11:16.228 [串口 RX] GET_STATE
16:11:16.230 [串口 TX] STATE:IO=0x0000000000400001;POS:X10000,Y20000,Z30000,H40000;STATUS:X0,Y0,Z0,H0
16:11:16.431 [串口 RX] GET_STATE
16:11:16.439 [串口 TX] STATE:IO=0x0000000000400001;POS:X10000,Y20000,Z30000,H40000;STATUS:X0,Y0,Z0,H0
16:11:16.440 [2D] 上位机已连接
16:11:16.452 [3D] 上位机已连接
16:11:16.648 [串口 RX] GET_STATE
16:11:16.652 [串口 TX] STATE:IO=0x0000000000400001;POS:X10000,Y20000,Z30000,H40000;STATUS:X0,Y0,Z0,H0
16:11:16.866 [串口 RX] GET_STATE
16:11:16.869 [串口 TX] STATE:IO=0x0000000000400001;POS:X10000,Y20000,Z30000,H40000;STATUS:X0,Y0,Z0,H0
16:11:17.069 [串口 RX] GET_STATE
16:11:17.101 [串口 TX] STATE:IO=0x0000000000400001;POS:X10000,Y20000,Z30000,H40000;STATUS:X0,Y0,Z0,H0
16:11:17.303 [串口 RX] GET_STATE
16:11:17.305 [串口 TX] STATE:IO=0x0000000000400001;POS:X10000,Y20000,Z30000,H40000;STATUS:X0,Y0,Z0,H0
16:11:17.519 [串口 RX] GET_STATE
16:11:17.527 [串口 TX] STATE:IO=0x0000000000400001;POS:X10000,Y20000,Z30000,H40000;STATUS:X0,Y0,Z0,H0
16:11:17.734 [串口 RX] GET_STATE
16:11:17.737 [串口 TX] STATE:IO=0x0000000000400001;POS:X10000,Y20000,Z30000,H40000;STATUS:X0,Y0,Z0,H0
16:11:17.937 [串口 RX] GET_STATE
16:11:17.941 [串口 TX] STATE:IO=0x0000000000400001;POS:X10000,Y20000,Z30000,H40000;STATUS:X0,Y0,Z0,H0
16:11:18.154 [串口 RX] GET_STATE
16:11:18.157 [串口 TX] STATE:IO=0x0000000000400001;POS:X10000,Y20000,Z30000,H40000;STATUS:X0,Y0,Z0,H0
16:11:18.370 [串口 RX] GET_STATE
16:11:18.373 [串口 TX] STATE:IO=0x0000000000400001;POS:X10000,Y20000,Z30000,H40000;STATUS:X0,Y0,Z0,H0
16:11:18.573 [串口 RX] GET_STATE
16:11:18.577 [串口 TX] STATE:IO=0x0000000000400001;POS:X10000,Y20000,Z30000,H40000;STATUS:X0,Y0,Z0,H0
16:11:18.789 [串口 RX] GET_STATE
16:11:18.792 [串口 TX] STATE:IO=0x0000000000400001;POS:X10000,Y20000,Z30000,H40000;STATUS:X0,Y0,Z0,H0
16:11:19.007 [串口 RX] GET_STATE
16:11:19.040 [串口 TX] STATE:IO=0x0000000000400001;POS:X10000,Y20000,Z30000,H40000;STATUS:X0,Y0,Z0,H0
16:11:19.255 [串口 RX] GET_STATE
16:11:19.258 [串口 TX] STATE:IO=0x0000000000400001;POS:X10000,Y20000,Z30000,H40000;STATUS:X0,Y0,Z0,H0
16:11:19.471 [串口 RX] GET_STATE
16:11:19.476 [串口 TX] STATE:IO=0x0000000000400001;POS:X10000,Y20000,Z30000,H40000;STATUS:X0,Y0,Z0,H0
16:11:19.690 [串口 RX] GET_STATE
16:11:19.692 [串口 TX] STATE:IO=0x0000000000400001;POS:X10000,Y20000,Z30000,H40000;STATUS:X0,Y0,Z0,H0
16:11:19.893 [串口 RX] GET_STATE
16:11:19.896 [串口 TX] STATE:IO=0x0000000000400001;POS:X10000,Y20000,Z30000,H40000;STATUS:X0,Y0,Z0,H0
16:11:20.111 [串口 RX] GET_STATE
16:11:20.121 [串口 TX] STATE:IO=0x0000000000400001;POS:X10000,Y20000,Z30000,H40000;STATUS:X0,Y0,Z0,H0
16:11:20.329 [串口 RX] GET_STATE
16:11:20.335 [串口 TX] STATE:IO=0x0000000000400001;POS:X10000,Y20000,Z30000,H40000;STATUS:X0,Y0,Z0,H0
16:11:20.545 [串口 RX] GET_STATE
16:11:20.550 [串口 TX] STATE:IO=0x0000000000400001;POS:X10000,Y20000,Z30000,H40000;STATUS:X0,Y0,Z0,H0
16:11:20.763 [串口 RX] GET_STATE
16:11:20.767 [串口 TX] STATE:IO=0x0000000000400001;POS:X10000,Y20000,Z30000,H40000;STATUS:X0,Y0,Z0,H0
16:11:20.981 [串口 RX] GET_STATE
16:11:21.013 [串口 TX] STATE:IO=0x0000000000400001;POS:X10000,Y20000,Z30000,H40000;STATUS:X0,Y0,Z0,H0
16:11:21.214 [串口 RX] GET_STATE
16:11:21.218 [串口 TX] STATE:IO=0x0000000000400001;POS:X10000,Y20000,Z30000,H40000;STATUS:X0,Y0,Z0,H0
16:11:21.433 [串口 RX] GET_STATE
16:11:21.446 [串口 TX] STATE:IO=0x0000000000400001;POS:X10000,Y20000,Z30000,H40000;STATUS:X0,Y0,Z0,H0
16:11:21.649 [串口 RX] GET_STATE
16:11:21.659 [串口 TX] STATE:IO=0x0000000000400001;POS:X10000,Y20000,Z30000,H40000;STATUS:X0,Y0,Z0,H0
16:11:21.866 [串口 RX] GET_STATE
16:11:21.869 [串口 TX] STATE:IO=0x0000000000400001;POS:X10000,Y20000,Z30000,H40000;STATUS:X0,Y0,Z0,H0
16:11:22.071 [串口 RX] GET_STATE
16:11:22.083 [串口 TX] STATE:IO=0x0000000000400001;POS:X10000,Y20000,Z30000,H40000;STATUS:X0,Y0,Z0,H0
16:11:22.287 [串口 RX] GET_STATE
16:11:22.297 [串口 TX] STATE:IO=0x0000000000400001;POS:X10000,Y20000,Z30000,H40000;STATUS:X0,Y0,Z0,H0
16:11:22.504 [串口 RX] GET_STATE
16:11:22.513 [串口 TX] STATE:IO=0x0000000000400001;POS:X10000,Y20000,Z30000,H40000;STATUS:X0,Y0,Z0,H0
16:11:22.722 [串口 RX] GET_STATE
16:11:22.739 [串口 TX] STATE:IO=0x0000000000400001;POS:X10000,Y20000,Z30000,H40000;STATUS:X0,Y0,Z0,H0
16:11:22.941 [串口 RX] GET_STATE
16:11:22.972 [串口 TX] STATE:IO=0x0000000000400001;POS:X10000,Y20000,Z30000,H40000;STATUS:X0,Y0,Z0,H0
16:11:23.174 [串口 RX] GET_STATE
16:11:23.181 [串口 TX] STATE:IO=0x0000000000400001;POS:X10000,Y20000,Z30000,H40000;STATUS:X0,Y0,Z0,H0
16:11:23.393 [串口 RX] GET_STATE
16:11:23.396 [串口 TX] STATE:IO=0x0000000000400001;POS:X10000,Y20000,Z30000,H40000;STATUS:X0,Y0,Z0,H0
16:11:23.611 [串口 RX] GET_STATE
16:11:23.620 [串口 TX] STATE:IO=0x0000000000400001;POS:X10000,Y20000,Z30000,H40000;STATUS:X0,Y0,Z0,H0
16:11:23.829 [串口 RX] GET_STATE
16:11:23.835 [串口 TX] STATE:IO=0x0000000000400001;POS:X10000,Y20000,Z30000,H40000;STATUS:X0,Y0,Z0,H0
16:11:24.048 [串口 RX] GET_STATE
16:11:24.051 [串口 TX] STATE:IO=0x0000000000400001;POS:X10000,Y20000,Z30000,H40000;STATUS:X0,Y0,Z0,H0
16:11:24.264 [串口 RX] GET_STATE
16:11:24.266 [串口 TX] STATE:IO=0x0000000000400001;POS:X10000,Y20000,Z30000,H40000;STATUS:X0,Y0,Z0,H0
16:11:24.467 [串口 RX] GET_STATE
16:11:24.469 [串口 TX] STATE:IO=0x0000000000400001;POS:X10000,Y20000,Z30000,H40000;STATUS:X0,Y0,Z0,H0
16:11:24.670 [串口 RX] GET_STATE
16:11:24.672 [串口 TX] STATE:IO=0x0000000000400001;POS:X10000,Y20000,Z30000,H40000;STATUS:X0,Y0,Z0,H0
16:11:24.887 [串口 RX] GET_STATE
16:11:24.890 [串口 TX] STATE:IO=0x0000000000400001;POS:X10000,Y20000,Z30000,H40000;STATUS:X0,Y0,Z0,H0
16:11:25.103 [串口 RX] GET_STATE
16:11:25.135 [串口 TX] STATE:IO=0x0000000000400001;POS:X10000,Y20000,Z30000,H40000;STATUS:X0,Y0,Z0,H0
16:11:25.348 [串口 RX] GET_STATE
16:11:25.351 [串口 TX] STATE:IO=0x0000000000400001;POS:X10000,Y20000,Z30000,H40000;STATUS:X0,Y0,Z0,H0
16:11:25.564 [串口 RX] GET_STATE
16:11:25.567 [串口 TX] STATE:IO=0x0000000000400001;POS:X10000,Y20000,Z30000,H40000;STATUS:X0,Y0,Z0,H0
16:11:25.780 [串口 RX] GET_STATE
16:11:25.786 [串口 TX] STATE:IO=0x0000000000400001;POS:X10000,Y20000,Z30000,H40000;STATUS:X0,Y0,Z0,H0
16:11:25.996 [串口 RX] GET_STATE
16:11:26.001 [串口 TX] STATE:IO=0x0000000000400001;POS:X10000,Y20000,Z30000,H40000;STATUS:X0,Y0,Z0,H0
16:11:26.212 [串口 RX] GET_STATE
16:11:26.222 [串口 TX] STATE:IO=0x0000000000400001;POS:X10000,Y20000,Z30000,H40000;STATUS:X0,Y0,Z0,H0
16:11:26.429 [串口 RX] GET_STATE
16:11:26.438 [串口 TX] STATE:IO=0x0000000000400001;POS:X10000,Y20000,Z30000,H40000;STATUS:X0,Y0,Z0,H0
16:11:26.647 [串口 RX] GET_STATE
16:11:26.650 [串口 TX] STATE:IO=0x0000000000400001;POS:X10000,Y20000,Z30000,H40000;STATUS:X0,Y0,Z0,H0
16:11:26.864 [串口 RX] GET_STATE
16:11:26.867 [串口 TX] STATE:IO=0x0000000000400001;POS:X10000,Y20000,Z30000,H40000;STATUS:X0,Y0,Z0,H0
16:11:27.079 [串口 RX] GET_STATE
16:11:27.111 [串口 TX] STATE:IO=0x0000000000400001;POS:X10000,Y20000,Z30000,H40000;STATUS:X0,Y0,Z0,H0
16:11:27.327 [串口 RX] GET_STATE
16:11:27.329 [串口 TX] STATE:IO=0x0000000000400001;POS:X10000,Y20000,Z30000,H40000;STATUS:X0,Y0,Z0,H0
16:11:27.545 [串口 RX] GET_STATE
16:11:27.549 [串口 TX] STATE:IO=0x0000000000400001;POS:X10000,Y20000,Z30000,H40000;STATUS:X0,Y0,Z0,H0
16:11:27.762 [串口 RX] GET_STATE
16:11:27.765 [串口 TX] STATE:IO=0x0000000000400001;POS:X10000,Y20000,Z30000,H40000;STATUS:X0,Y0,Z0,H0
16:11:27.980 [串口 RX] GET_STATE
16:11:27.983 [串口 TX] STATE:IO=0x0000000000400001;POS:X10000,Y20000,Z30000,H40000;STATUS:X0,Y0,Z0,H0
16:11:28.198 [串口 RX] GET_STATE
16:11:28.202 [串口 TX] STATE:IO=0x0000000000400001;POS:X10000,Y20000,Z30000,H40000;STATUS:X0,Y0,Z0,H0
16:11:28.417 [串口 RX] GET_STATE
16:11:28.421 [串口 TX] STATE:IO=0x0000000000400001;POS:X10000,Y20000,Z30000,H40000;STATUS:X0,Y0,Z0,H0
16:11:28.637 [串口 RX] GET_STATE
16:11:28.640 [串口 TX] STATE:IO=0x0000000000400001;POS:X10000,Y20000,Z30000,H40000;STATUS:X0,Y0,Z0,H0
16:11:28.850 [串口 RX] GET_STATE
16:11:28.853 [串口 TX] STATE:IO=0x0000000000400001;POS:X10000,Y20000,Z30000,H40000;STATUS:X0,Y0,Z0,H0
16:11:29.067 [串口 RX] GET_STATE
16:11:29.097 [串口 TX] STATE:IO=0x0000000000400001;POS:X10000,Y20000,Z30000,H40000;STATUS:X0,Y0,Z0,H0
16:11:29.313 [串口 RX] GET_STATE
16:11:29.316 [串口 TX] STATE:IO=0x0000000000400001;POS:X10000,Y20000,Z30000,H40000;STATUS:X0,Y0,Z0,H0
16:11:29.530 [串口 RX] GET_STATE
16:11:29.532 [串口 TX] STATE:IO=0x0000000000400001;POS:X10000,Y20000,Z30000,H40000;STATUS:X0,Y0,Z0,H0
16:11:29.747 [串口 RX] GET_STATE
16:11:29.750 [串口 TX] STATE:IO=0x0000000000400001;POS:X10000,Y20000,Z30000,H40000;STATUS:X0,Y0,Z0,H0
16:11:29.962 [串口 RX] GET_STATE
16:11:29.970 [串口 TX] STATE:IO=0x0000000000400001;POS:X10000,Y20000,Z30000,H40000;STATUS:X0,Y0,Z0,H0
16:11:30.178 [串口 RX] GET_STATE
16:11:30.181 [串口 TX] STATE:IO=0x0000000000400001;POS:X10000,Y20000,Z30000,H40000;STATUS:X0,Y0,Z0,H0
16:11:30.393 [串口 RX] GET_STATE
16:11:30.395 [串口 TX] STATE:IO=0x0000000000400001;POS:X10000,Y20000,Z30000,H40000;STATUS:X0,Y0,Z0,H0
16:11:30.596 [串口 RX] GET_STATE
16:11:30.599 [串口 TX] STATE:IO=0x0000000000400001;POS:X10000,Y20000,Z30000,H40000;STATUS:X0,Y0,Z0,H0
16:11:30.814 [串口 RX] GET_STATE
16:11:30.816 [串口 TX] STATE:IO=0x0000000000400001;POS:X10000,Y20000,Z30000,H40000;STATUS:X0,Y0,Z0,H0
16:11:31.029 [串口 RX] GET_STATE
16:11:31.060 [串口 TX] STATE:IO=0x0000000000400001;POS:X10000,Y20000,Z30000,H40000;STATUS:X0,Y0,Z0,H0
16:11:31.275 [串口 RX] GET_STATE
16:11:31.278 [串口 TX] STATE:IO=0x0000000000400001;POS:X10000,Y20000,Z30000,H40000;STATUS:X0,Y0,Z0,H0
16:11:31.490 [串口 RX] GET_STATE
16:11:31.493 [串口 TX] STATE:IO=0x0000000000400001;POS:X10000,Y20000,Z30000,H40000;STATUS:X0,Y0,Z0,H0
16:11:31.708 [串口 RX] GET_STATE
16:11:31.711 [串口 TX] STATE:IO=0x0000000000400001;POS:X10000,Y20000,Z30000,H40000;STATUS:X0,Y0,Z0,H0
16:11:31.925 [串口 RX] GET_STATE
16:11:31.928 [串口 TX] STATE:IO=0x0000000000400001;POS:X10000,Y20000,Z30000,H40000;STATUS:X0,Y0,Z0,H0
16:11:32.141 [串口 RX] GET_STATE
16:11:32.144 [串口 TX] STATE:IO=0x0000000000400001;POS:X10000,Y20000,Z30000,H40000;STATUS:X0,Y0,Z0,H0
16:11:32.358 [串口 RX] GET_STATE
16:11:32.361 [串口 TX] STATE:IO=0x0000000000400001;POS:X10000,Y20000,Z30000,H40000;STATUS:X0,Y0,Z0,H0
16:11:32.576 [串口 RX] GET_STATE
16:11:32.579 [串口 TX] STATE:IO=0x0000000000400001;POS:X10000,Y20000,Z30000,H40000;STATUS:X0,Y0,Z0,H0
16:11:32.780 [串口 RX] GET_STATE
16:11:32.783 [串口 TX] STATE:IO=0x0000000000400001;POS:X10000,Y20000,Z30000,H40000;STATUS:X0,Y0,Z0,H0
16:11:32.996 [串口 RX] GET_STATE
16:11:32.998 [串口 TX] STATE:IO=0x0000000000400001;POS:X10000,Y20000,Z30000,H40000;STATUS:X0,Y0,Z0,H0
16:11:33.212 [串口 RX] GET_STATE
16:11:33.246 [串口 TX] STATE:IO=0x0000000000400001;POS:X10000,Y20000,Z30000,H40000;STATUS:X0,Y0,Z0,H0
16:11:33.457 [串口 RX] GET_STATE
16:11:33.460 [串口 TX] STATE:IO=0x0000000000400001;POS:X10000,Y20000,Z30000,H40000;STATUS:X0,Y0,Z0,H0
16:11:33.662 [串口 RX] GET_STATE
16:11:33.665 [串口 TX] STATE:IO=0x0000000000400000;POS:X10000,Y20000,Z30000,H40000;STATUS:X0,Y0,Z0,H0
16:11:33.877 [串口 RX] GET_STATE
16:11:33.879 [串口 TX] STATE:IO=0x0000000000400000;POS:X10000,Y20000,Z30000,H40000;STATUS:X0,Y0,Z0,H0
16:11:34.094 [串口 RX] GET_STATE
16:11:34.097 [串口 TX] STATE:IO=0x0000000000400000;POS:X10000,Y20000,Z30000,H40000;STATUS:X0,Y0,Z0,H0
16:11:34.311 [串口 RX] GET_STATE
16:11:34.314 [串口 TX] STATE:IO=0x0000000000400000;POS:X10000,Y20000,Z30000,H40000;STATUS:X0,Y0,Z0,H0
16:11:34.527 [串口 RX] GET_STATE
16:11:34.529 [串口 TX] STATE:IO=0x0000000000400000;POS:X10000,Y20000,Z30000,H40000;STATUS:X0,Y0,Z0,H0
16:11:34.730 [串口 RX] GET_STATE
16:11:34.737 [串口 TX] STATE:IO=0x0000000000400000;POS:X10000,Y20000,Z30000,H40000;STATUS:X0,Y0,Z0,H0
16:11:34.946 [串口 RX] GET_STATE
16:11:34.951 [串口 TX] STATE:IO=0x0000000000400000;POS:X10000,Y20000,Z30000,H40000;STATUS:X0,Y0,Z0,H0
16:11:35.162 [串口 RX] GET_STATE
16:11:35.194 [串口 TX] STATE:IO=0x0000000000400000;POS:X10000,Y20000,Z30000,H40000;STATUS:X0,Y0,Z0,H0
16:11:35.396 [串口 RX] CLAMP1_OFF
16:11:35.397 [IO] bit16 清除 → IO=0x0000000000400000
16:11:35.398 [串口 TX] CLAMP1_OFF_OK
16:11:35.612 [串口 RX] GET_STATE
16:11:35.614 [串口 TX] STATE:IO=0x0000000000400000;POS:X10000,Y20000,Z30000,H40000;STATUS:X0,Y0,Z0,H0
16:11:35.815 [串口 RX] CLAMP2_OFF
16:11:35.816 [IO] bit17 清除 → IO=0x0000000000400000
16:11:35.817 [串口 TX] CLAMP2_OFF_OK
16:11:36.032 [串口 RX] GET_STATE
16:11:36.035 [串口 TX] STATE:IO=0x0000000000400000;POS:X10000,Y20000,Z30000,H40000;STATUS:X0,Y0,Z0,H0
16:11:36.036 [串口 RX] G28 XYZH
16:11:36.220 [回零] 原点/到位置位、报警清除 → IO=0x1414141400400000
16:11:36.221 [串口 TX] X_HOME_OK
16:11:36.223 [串口 TX] Y_HOME_OK
16:11:36.224 [串口 TX] Z_HOME_OK
16:11:36.225 [串口 TX] H_HOME_OK
16:11:36.432 [串口 RX] GET_STATE
16:11:36.436 [串口 TX] STATE:IO=0x1414141400400000;POS:X10000,Y20000,Z30000,H40000;STATUS:X0,Y0,Z0,H0
16:11:36.649 [串口 RX] GET_STATE
16:11:36.653 [串口 TX] STATE:IO=0x1414141400400000;POS:X10000,Y20000,Z30000,H40000;STATUS:X0,Y0,Z0,H0
16:11:36.867 [串口 RX] GET_STATE
16:11:36.870 [串口 TX] STATE:IO=0x1414141400400000;POS:X10000,Y20000,Z30000,H40000;STATUS:X0,Y0,Z0,H0
16:11:37.085 [串口 RX] GET_STATE
16:11:37.093 [串口 TX] STATE:IO=0x1414141400400000;POS:X10000,Y20000,Z30000,H40000;STATUS:X0,Y0,Z0,H0
16:11:37.303 [串口 RX] GET_STATE
16:11:37.307 [串口 TX] STATE:IO=0x1414141400400000;POS:X10000,Y20000,Z30000,H40000;STATUS:X0,Y0,Z0,H0
16:11:37.521 [串口 RX] GET_STATE
16:11:37.554 [串口 TX] STATE:IO=0x1414141400400000;POS:X10000,Y20000,Z30000,H40000;STATUS:X0,Y0,Z0,H0
16:11:37.756 [串口 RX] GET_STATE
16:11:37.760 [串口 TX] STATE:IO=0x1414141400400000;POS:X10000,Y20000,Z30000,H40000;STATUS:X0,Y0,Z0,H0
16:11:37.974 [串口 RX] GET_STATE
16:11:37.979 [串口 TX] STATE:IO=0x1414141400400000;POS:X10000,Y20000,Z30000,H40000;STATUS:X0,Y0,Z0,H0
16:11:38.189 [串口 RX] GET_STATE
16:11:38.197 [串口 TX] STATE:IO=0x1414141400400000;POS:X10000,Y20000,Z30000,H40000;STATUS:X0,Y0,Z0,H0
16:11:38.405 [串口 RX] GET_STATE
16:11:38.407 [串口 TX] STATE:IO=0x1414141400400000;POS:X10000,Y20000,Z30000,H40000;STATUS:X0,Y0,Z0,H0
16:11:38.622 [串口 RX] GET_STATE
16:11:38.631 [串口 TX] STATE:IO=0x1414141400400000;POS:X10000,Y20000,Z30000,H40000;STATUS:X0,Y0,Z0,H0
16:11:38.838 [串口 RX] GET_STATE
16:11:38.842 [串口 TX] STATE:IO=0x1414141400400000;POS:X10000,Y20000,Z30000,H40000;STATUS:X0,Y0,Z0,H0
16:11:39.042 [串口 RX] GET_STATE
16:11:39.056 [串口 TX] STATE:IO=0x1414141400400000;POS:X10000,Y20000,Z30000,H40000;STATUS:X0,Y0,Z0,H0
16:11:39.261 [串口 RX] GET_STATE
16:11:39.267 [串口 TX] STATE:IO=0x1414141400400000;POS:X10000,Y20000,Z30000,H40000;STATUS:X0,Y0,Z0,H0
16:11:39.479 [串口 RX] GET_STATE
16:11:39.512 [串口 TX] STATE:IO=0x1414141400400000;POS:X10000,Y20000,Z30000,H40000;STATUS:X0,Y0,Z0,H0
16:11:39.713 [串口 RX] GET_STATE
16:11:39.717 [串口 TX] STATE:IO=0x1414141400400000;POS:X10000,Y20000,Z30000,H40000;STATUS:X0,Y0,Z0,H0
16:11:39.930 [串口 RX] GET_STATE
16:11:39.936 [串口 TX] STATE:IO=0x1414141400400000;POS:X10000,Y20000,Z30000,H40000;STATUS:X0,Y0,Z0,H0
16:11:40.147 [串口 RX] GET_STATE
16:11:40.154 [串口 TX] STATE:IO=0x1414141400400000;POS:X10000,Y20000,Z30000,H40000;STATUS:X0,Y0,Z0,H0
16:11:40.363 [串口 RX] GET_STATE
16:11:40.370 [串口 TX] STATE:IO=0x1414141400400000;POS:X10000,Y20000,Z30000,H40000;STATUS:X0,Y0,Z0,H0
16:11:40.581 [串口 RX] GET_STATE
16:11:40.584 [串口 TX] STATE:IO=0x1414141400400000;POS:X10000,Y20000,Z30000,H40000;STATUS:X0,Y0,Z0,H0
16:11:40.800 [串口 RX] GET_STATE
16:11:40.803 [串口 TX] STATE:IO=0x1414141400400000;POS:X10000,Y20000,Z30000,H40000;STATUS:X0,Y0,Z0,H0
16:11:41.019 [串口 RX] GET_STATE
16:11:41.022 [串口 TX] STATE:IO=0x1414141400400000;POS:X10000,Y20000,Z30000,H40000;STATUS:X0,Y0,Z0,H0
16:11:41.233 [串口 RX] GET_STATE
16:11:41.236 [串口 TX] STATE:IO=0x1414141400400000;POS:X10000,Y20000,Z30000,H40000;STATUS:X0,Y0,Z0,H0
16:11:41.451 [串口 RX] GET_STATE
16:11:41.482 [串口 TX] STATE:IO=0x1414141400400000;POS:X10000,Y20000,Z30000,H40000;STATUS:X0,Y0,Z0,H0
16:11:41.687 [串口 RX] GET_STATE
16:11:41.691 [串口 TX] STATE:IO=0x1414141400400000;POS:X10000,Y20000,Z30000,H40000;STATUS:X0,Y0,Z0,H0
16:11:41.904 [串口 RX] GET_STATE
16:11:41.912 [串口 TX] STATE:IO=0x1414141400400000;POS:X10000,Y20000,Z30000,H40000;STATUS:X0,Y0,Z0,H0
16:11:42.121 [串口 RX] GET_STATE
16:11:42.124 [串口 TX] STATE:IO=0x1414141400400000;POS:X10000,Y20000,Z30000,H40000;STATUS:X0,Y0,Z0,H0
16:11:42.338 [串口 RX] GET_STATE
16:11:42.341 [串口 TX] STATE:IO=0x1414141400400000;POS:X10000,Y20000,Z30000,H40000;STATUS:X0,Y0,Z0,H0
16:11:42.555 [串口 RX] GET_STATE
16:11:42.563 [串口 TX] STATE:IO=0x1414141400400000;POS:X10000,Y20000,Z30000,H40000;STATUS:X0,Y0,Z0,H0
16:11:42.772 [串口 RX] GET_STATE
16:11:42.775 [串口 TX] STATE:IO=0x1414141400400000;POS:X10000,Y20000,Z30000,H40000;STATUS:X0,Y0,Z0,H0
16:11:42.984 [串口 RX] GET_STATE
16:11:42.993 [串口 TX] STATE:IO=0x1414141400400000;POS:X10000,Y20000,Z30000,H40000;STATUS:X0,Y0,Z0,H0
16:11:43.202 [串口 RX] GET_STATE
16:11:43.211 [串口 TX] STATE:IO=0x1414141400400000;POS:X10000,Y20000,Z30000,H40000;STATUS:X0,Y0,Z0,H0
16:11:43.421 [串口 RX] GET_STATE
16:11:43.425 [串口 TX] STATE:IO=0x1414141400400000;POS:X10000,Y20000,Z30000,H40000;STATUS:X0,Y0,Z0,H0
16:11:43.625 [串口 RX] GET_STATE
16:11:43.657 [串口 TX] STATE:IO=0x1414141400400000;POS:X10000,Y20000,Z30000,H40000;STATUS:X0,Y0,Z0,H0
16:11:43.872 [串口 RX] GET_STATE
16:11:43.875 [串口 TX] STATE:IO=0x1414141400400000;POS:X10000,Y20000,Z30000,H40000;STATUS:X0,Y0,Z0,H0
16:11:44.090 [串口 RX] GET_STATE
16:11:44.093 [串口 TX] STATE:IO=0x1414141400400000;POS:X10000,Y20000,Z30000,H40000;STATUS:X0,Y0,Z0,H0
16:11:44.307 [串口 RX] GET_STATE
16:11:44.315 [串口 TX] STATE:IO=0x1414141400400000;POS:X10000,Y20000,Z30000,H40000;STATUS:X0,Y0,Z0,H0
16:11:44.524 [串口 RX] GET_STATE
16:11:44.527 [串口 TX] STATE:IO=0x1414141400400000;POS:X10000,Y20000,Z30000,H40000;STATUS:X0,Y0,Z0,H0
16:11:44.728 [串口 RX] GET_STATE
16:11:44.731 [串口 TX] STATE:IO=0x1414141400400000;POS:X10000,Y20000,Z30000,H40000;STATUS:X0,Y0,Z0,H0
16:11:44.947 [串口 RX] GET_STATE
16:11:44.950 [串口 TX] STATE:IO=0x1414141400400000;POS:X10000,Y20000,Z30000,H40000;STATUS:X0,Y0,Z0,H0
16:11:45.165 [串口 RX] GET_STATE
16:11:45.174 [串口 TX] STATE:IO=0x1414141400400000;POS:X10000,Y20000,Z30000,H40000;STATUS:X0,Y0,Z0,H0
16:11:45.384 [串口 RX] GET_STATE
16:11:45.388 [串口 TX] STATE:IO=0x1414141400400000;POS:X10000,Y20000,Z30000,H40000;STATUS:X0,Y0,Z0,H0
16:11:45.603 [串口 RX] GET_STATE
16:11:45.636 [串口 TX] STATE:IO=0x1414141400400000;POS:X10000,Y20000,Z30000,H40000;STATUS:X0,Y0,Z0,H0
16:11:45.840 [串口 RX] GET_STATE
16:11:45.843 [串口 TX] STATE:IO=0x1414141400400000;POS:X10000,Y20000,Z30000,H40000;STATUS:X0,Y0,Z0,H0
16:11:46.054 [串口 RX] GET_STATE
16:11:46.058 [串口 TX] STATE:IO=0x1414141400400000;POS:X10000,Y20000,Z30000,H40000;STATUS:X0,Y0,Z0,H0
16:11:46.272 [串口 RX] GET_STATE
16:11:46.283 [串口 TX] STATE:IO=0x1414141400400000;POS:X10000,Y20000,Z30000,H40000;STATUS:X0,Y0,Z0,H0
16:11:46.489 [串口 RX] GET_STATE
16:11:46.493 [串口 TX] STATE:IO=0x1414141400400000;POS:X10000,Y20000,Z30000,H40000;STATUS:X0,Y0,Z0,H0
16:11:46.694 [串口 RX] GET_STATE
16:11:46.697 [串口 TX] STATE:IO=0x1414141400400000;POS:X10000,Y20000,Z30000,H40000;STATUS:X0,Y0,Z0,H0
16:11:46.909 [串口 RX] GET_STATE
16:11:46.914 [串口 TX] STATE:IO=0x1414141400400000;POS:X10000,Y20000,Z30000,H40000;STATUS:X0,Y0,Z0,H0
16:11:47.127 [串口 RX] GET_STATE
16:11:47.134 [串口 TX] STATE:IO=0x1414141400400000;POS:X10000,Y20000,Z30000,H40000;STATUS:X0,Y0,Z0,H0
16:11:47.345 [串口 RX] GET_STATE
16:11:47.350 [串口 TX] STATE:IO=0x1414141400400000;POS:X10000,Y20000,Z30000,H40000;STATUS:X0,Y0,Z0,H0
16:11:47.565 [串口 RX] GET_STATE
16:11:47.598 [串口 TX] STATE:IO=0x1414141400400000;POS:X10000,Y20000,Z30000,H40000;STATUS:X0,Y0,Z0,H0
16:11:47.800 [串口 RX] GET_STATE
16:11:47.805 [串口 TX] STATE:IO=0x1414141400400000;POS:X10000,Y20000,Z30000,H40000;STATUS:X0,Y0,Z0,H0
16:11:48.018 [串口 RX] GET_STATE
16:11:48.021 [串口 TX] STATE:IO=0x1414141400400000;POS:X10000,Y20000,Z30000,H40000;STATUS:X0,Y0,Z0,H0
16:11:48.234 [串口 RX] GET_STATE
16:11:48.237 [串口 TX] STATE:IO=0x1414141400400000;POS:X10000,Y20000,Z30000,H40000;STATUS:X0,Y0,Z0,H0
16:11:48.437 [串口 RX] GET_STATE
16:11:48.439 [串口 TX] STATE:IO=0x1414141400400000;POS:X10000,Y20000,Z30000,H40000;STATUS:X0,Y0,Z0,H0
16:11:48.655 [串口 RX] GET_STATE
16:11:48.662 [串口 TX] STATE:IO=0x1414141400400000;POS:X10000,Y20000,Z30000,H40000;STATUS:X0,Y0,Z0,H0
16:11:48.873 [串口 RX] GET_STATE
16:11:48.881 [串口 TX] STATE:IO=0x1414141400400000;POS:X10000,Y20000,Z30000,H40000;STATUS:X0,Y0,Z0,H0
16:11:49.091 [串口 RX] GET_STATE
16:11:49.099 [串口 TX] STATE:IO=0x1414141400400000;POS:X10000,Y20000,Z30000,H40000;STATUS:X0,Y0,Z0,H0
